Component: ARM Compiler 5.05 update 1 (build 106) Tool: armlink [4d0efa]

==============================================================================

Section Cross References

    startup_stm32f103xb.o(STACK) refers (Special) to heapauxi.o(.text) for __use_two_region_memory
    startup_stm32f103xb.o(HEAP) refers (Special) to heapauxi.o(.text) for __use_two_region_memory
    startup_stm32f103xb.o(RESET) refers (Special) to heapauxi.o(.text) for __use_two_region_memory
    startup_stm32f103xb.o(RESET) refers to startup_stm32f103xb.o(STACK) for __initial_sp
    startup_stm32f103xb.o(RESET) refers to startup_stm32f103xb.o(.text) for Reset_Handler
    startup_stm32f103xb.o(RESET) refers to stm32f1xx_it.o(i.NMI_Handler) for NMI_Handler
    startup_stm32f103xb.o(RESET) refers to stm32f1xx_it.o(i.HardFault_Handler) for HardFault_Handler
    startup_stm32f103xb.o(RESET) refers to stm32f1xx_it.o(i.MemManage_Handler) for MemManage_Handler
    startup_stm32f103xb.o(RESET) refers to stm32f1xx_it.o(i.BusFault_Handler) for BusFault_Handler
    startup_stm32f103xb.o(RESET) refers to stm32f1xx_it.o(i.UsageFault_Handler) for UsageFault_Handler
    startup_stm32f103xb.o(RESET) refers to stm32f1xx_it.o(i.SVC_Handler) for SVC_Handler
    startup_stm32f103xb.o(RESET) refers to stm32f1xx_it.o(i.DebugMon_Handler) for DebugMon_Handler
    startup_stm32f103xb.o(RESET) refers to stm32f1xx_it.o(i.PendSV_Handler) for PendSV_Handler
    startup_stm32f103xb.o(RESET) refers to stm32f1xx_it.o(i.SysTick_Handler) for SysTick_Handler
    startup_stm32f103xb.o(RESET) refers to stm32f1xx_it.o(i.DMA1_Channel6_IRQHandler) for DMA1_Channel6_IRQHandler
    startup_stm32f103xb.o(RESET) refers to stm32f1xx_it.o(i.DMA1_Channel7_IRQHandler) for DMA1_Channel7_IRQHandler
    startup_stm32f103xb.o(RESET) refers to stm32f1xx_it.o(i.TIM2_IRQHandler) for TIM2_IRQHandler
    startup_stm32f103xb.o(RESET) refers to stm32f1xx_it.o(i.USART1_IRQHandler) for USART1_IRQHandler
    startup_stm32f103xb.o(RESET) refers to stm32f1xx_it.o(i.USART2_IRQHandler) for USART2_IRQHandler
    startup_stm32f103xb.o(.text) refers (Special) to heapauxi.o(.text) for __use_two_region_memory
    startup_stm32f103xb.o(.text) refers to system_stm32f1xx.o(i.SystemInit) for SystemInit
    startup_stm32f103xb.o(.text) refers to __main.o(!!!main) for __main
    startup_stm32f103xb.o(.text) refers to startup_stm32f103xb.o(HEAP) for Heap_Mem
    startup_stm32f103xb.o(.text) refers to startup_stm32f103xb.o(STACK) for Stack_Mem
    main.o(i.HAL_TIM_PeriodElapsedCallback) refers to _printf_percent.o(.ARM.Collect$$_printf_percent$$00000000) for _printf_percent
    main.o(i.HAL_TIM_PeriodElapsedCallback) refers to _printf_d.o(.ARM.Collect$$_printf_percent$$00000009) for _printf_d
    main.o(i.HAL_TIM_PeriodElapsedCallback) refers to _printf_dec.o(.text) for _printf_int_dec
    main.o(i.HAL_TIM_PeriodElapsedCallback) refers to noretval__2printf.o(.text) for __2printf
    main.o(i.HAL_TIM_PeriodElapsedCallback) refers to tim.o(.bss) for htim2
    main.o(i.HAL_TIM_PeriodElapsedCallback) refers to main.o(.data) for .data
    main.o(i.HAL_UART_RxCpltCallback) refers to _printf_percent.o(.ARM.Collect$$_printf_percent$$00000000) for _printf_percent
    main.o(i.HAL_UART_RxCpltCallback) refers to _printf_c.o(.ARM.Collect$$_printf_percent$$00000013) for _printf_c
    main.o(i.HAL_UART_RxCpltCallback) refers to _printf_str.o(.text) for _printf_str
    main.o(i.HAL_UART_RxCpltCallback) refers to _printf_x.o(.ARM.Collect$$_printf_percent$$0000000C) for _printf_x
    main.o(i.HAL_UART_RxCpltCallback) refers to _printf_hex_int.o(.text) for _printf_longlong_hex
    main.o(i.HAL_UART_RxCpltCallback) refers to rt_memclr.o(.text) for __aeabi_memclr
    main.o(i.HAL_UART_RxCpltCallback) refers to strlen.o(.text) for strlen
    main.o(i.HAL_UART_RxCpltCallback) refers to stm32f1xx_hal_uart.o(i.HAL_UART_Transmit) for HAL_UART_Transmit
    main.o(i.HAL_UART_RxCpltCallback) refers to stm32f1xx_hal_uart.o(i.HAL_UART_GetState) for HAL_UART_GetState
    main.o(i.HAL_UART_RxCpltCallback) refers to stm32f1xx_hal_uart.o(i.HAL_UART_Receive_IT) for HAL_UART_Receive_IT
    main.o(i.HAL_UART_RxCpltCallback) refers to noretval__2printf.o(.text) for __2printf
    main.o(i.HAL_UART_RxCpltCallback) refers to rt_memcpy_v6.o(.text) for __aeabi_memcpy
    main.o(i.HAL_UART_RxCpltCallback) refers to stm32f1xx_hal_uart.o(i.HAL_UART_Receive_DMA) for HAL_UART_Receive_DMA
    main.o(i.HAL_UART_RxCpltCallback) refers to main.o(.data) for .data
    main.o(i.HAL_UART_RxCpltCallback) refers to main.o(.bss) for .bss
    main.o(i.HAL_UART_RxCpltCallback) refers to usart.o(.bss) for huart1
    main.o(i.SystemClock_Config) refers to rt_memclr_w.o(.text) for __aeabi_memclr4
    main.o(i.SystemClock_Config) refers to stm32f1xx_hal_rcc.o(i.HAL_RCC_OscConfig) for HAL_RCC_OscConfig
    main.o(i.SystemClock_Config) refers to stm32f1xx_hal_rcc.o(i.HAL_RCC_ClockConfig) for HAL_RCC_ClockConfig
[...]
    ..\Core\Src\dma.c                        0x00000000   Number         0  dma.o ABSOLUTE
    ..\Core\Src\gpio.c                       0x00000000   Number         0  gpio.o ABSOLUTE
    ..\Core\Src\main.c                       0x00000000   Number         0  main.o ABSOLUTE
    ..\Core\Src\stm32f1xx_hal_msp.c          0x00000000   Number         0  stm32f1xx_hal_msp.o ABSOLUTE
    ..\Core\Src\stm32f1xx_it.c               0x00000000   Number         0  stm32f1xx_it.o ABSOLUTE
    ..\Core\Src\system_stm32f1xx.c           0x00000000   Number         0  system_stm32f1xx.o ABSOLUTE
    ..\Core\Src\tim.c                        0x00000000   Number         0  tim.o ABSOLUTE
    ..\Core\Src\usart.c                      0x00000000   Number         0  usart.o ABSOLUTE
    ..\Drivers\STM32F1xx_HAL_Driver\Src\stm32f1xx_hal.c 0x00000000   Number         0  stm32f1xx_hal.o ABSOLUTE
    ..\Drivers\STM32F1xx_HAL_Driver\Src\stm32f1xx_hal_cortex.c 0x00000000   Number         0  stm32f1xx_hal_cortex.o ABSOLUTE
    ..\Drivers\STM32F1xx_HAL_Driver\Src\stm32f1xx_hal_dma.c 0x00000000   Number         0  stm32f1xx_hal_dma.o ABSOLUTE
    ..\Drivers\STM32F1xx_HAL_Driver\Src\stm32f1xx_hal_exti.c 0x00000000   Number         0  stm32f1xx_hal_exti.o ABSOLUTE
    ..\Drivers\STM32F1xx_HAL_Driver\Src\stm32f1xx_hal_flash.c 0x00000000   Number         0  stm32f1xx_hal_flash.o ABSOLUTE
    ..\Drivers\STM32F1xx_HAL_Driver\Src\stm32f1xx_hal_flash_ex.c 0x00000000   Number         0  stm32f1xx_hal_flash_ex.o ABSOLUTE
    ..\Drivers\STM32F1xx_HAL_Driver\Src\stm32f1xx_hal_gpio.c 0x00000000   Number         0  stm32f1xx_hal_gpio.o ABSOLUTE
    ..\Drivers\STM32F1xx_HAL_Driver\Src\stm32f1xx_hal_gpio_ex.c 0x00000000   Number         0  stm32f1xx_hal_gpio_ex.o ABSOLUTE
    ..\Drivers\STM32F1xx_HAL_Driver\Src\stm32f1xx_hal_pwr.c 0x00000000   Number         0  stm32f1xx_hal_pwr.o ABSOLUTE
    ..\Drivers\STM32F1xx_HAL_Driver\Src\stm32f1xx_hal_rcc.c 0x00000000   Number         0  stm32f1xx_hal_rcc.o ABSOLUTE
    ..\Drivers\STM32F1xx_HAL_Driver\Src\stm32f1xx_hal_rcc_ex.c 0x00000000   Number         0  stm32f1xx_hal_rcc_ex.o ABSOLUTE
    ..\Drivers\STM32F1xx_HAL_Driver\Src\stm32f1xx_hal_tim.c 0x00000000   Number         0  stm32f1xx_hal_tim.o ABSOLUTE
    ..\Drivers\STM32F1xx_HAL_Driver\Src\stm32f1xx_hal_tim_ex.c 0x00000000   Number         0  stm32f1xx_hal_tim_ex.o ABSOLUTE
    ..\Drivers\STM32F1xx_HAL_Driver\Src\stm32f1xx_hal_uart.c 0x00000000   Number         0  stm32f1xx_hal_uart.o ABSOLUTE
    dc.s                                     0x00000000   Number         0  dc.o ABSOLUTE
    startup_stm32f103xb.s                    0x00000000   Number         0  startup_stm32f103xb.o ABSOLUTE
    RESET                                    0x08000000   Section      236  startup_stm32f103xb.o(RESET)
    !!!main                                  0x080000ec   Section        8  __main.o(!!!main)
    !!!scatter                               0x080000f4   Section       52  __scatter.o(!!!scatter)
    !!handler_copy                           0x08000128   Section       26  __scatter_copy.o(!!handler_copy)
    !!handler_zi                             0x08000144   Section       28  __scatter_zi.o(!!handler_zi)
    .ARM.Collect$$_printf_percent$$00000000  0x08000160   Section        0  _printf_percent.o(.ARM.Collect$$_printf_percent$$00000000)
    .ARM.Collect$$_printf_percent$$00000009  0x08000160   Section        6  _printf_d.o(.ARM.Collect$$_printf_percent$$00000009)
    .ARM.Collect$$_printf_percent$$0000000C  0x08000166   Section        6  _printf_x.o(.ARM.Collect$$_printf_percent$$0000000C)
    .ARM.Collect$$_printf_percent$$00000013  0x0800016c   Section        6  _printf_c.o(.ARM.Collect$$_printf_percent$$00000013)
    .ARM.Collect$$_printf_percent$$00000017  0x08000172   Section        4  _printf_percent_end.o(.ARM.Collect$$_printf_percent$$00000017)
    .ARM.Collect$$libinit$$00000000          0x08000176   Section        2  libinit.o(.ARM.Collect$$libinit$$00000000)
    .ARM.Collect$$libinit$$00000002          0x08000178   Section        0  libinit2.o(.ARM.Collect$$libinit$$00000002)
    .ARM.Collect$$libinit$$00000004          0x08000178   Section        0  libinit2.o(.ARM.Collect$$libinit$$00000004)
    .ARM.Collect$$libinit$$00000005          0x08000178   Section        8  libinit2.o(.ARM.Collect$$libinit$$00000005)
    .ARM.Collect$$libinit$$0000000A          0x08000180   Section        0  libinit2.o(.ARM.Collect$$libinit$$0000000A)
    .ARM.Collect$$libinit$$0000000C          0x08000180   Section        0  libinit2.o(.ARM.Collect$$libinit$$0000000C)
    .ARM.Collect$$libinit$$0000000E          0x08000180   Section        0  libinit2.o(.ARM.Collect$$libinit$$0000000E)
    .ARM.Collect$$libinit$$00000011          0x08000180   Section        0  libinit2.o(.ARM.Collect$$libinit$$00000011)
    .ARM.Collect$$libinit$$00000013          0x08000180   Section        0  libinit2.o(.ARM.Collect$$libinit$$00000013)
    .ARM.Collect$$libinit$$00000015          0x08000180   Section        0  libinit2.o(.ARM.Collect$$libinit$$00000015)
    .ARM.Collect$$libinit$$00000017          0x08000180   Section        0  libinit2.o(.ARM.Collect$$libinit$$00000017)
    .ARM.Collect$$libinit$$00000019          0x08000180   Section        0  libinit2.o(.ARM.Collect$$libinit$$00000019)
    .ARM.Collect$$libinit$$0000001B          0x08000180   Section        0  libinit2.o(.ARM.Collect$$libinit$$0000001B)
    .ARM.Collect$$libinit$$0000001D          0x08000180   Section        0  libinit2.o(.ARM.Collect$$libinit$$0000001D)
    .ARM.Collect$$libinit$$0000001F          0x08000180   Section        0  libinit2.o(.ARM.Collect$$libinit$$0000001F)
    .ARM.Collect$$libinit$$00000021          0x08000180   Section        0  libinit2.o(.ARM.Collect$$libinit$$00000021)
    .ARM.Collect$$libinit$$00000023          0x08000180   Section        0  libinit2.o(.ARM.Collect$$libinit$$00000023)
    .ARM.Collect$$libinit$$00000024          0x08000180   Section        4  libinit2.o(.ARM.Collect$$libinit$$00000024)
    .ARM.Collect$$libinit$$00000025          0x08000184   Section        0  libinit2.o(.ARM.Collect$$libinit$$00000025)
    .ARM.Collect$$libinit$$0000002C          0x08000184   Section        0  libinit2.o(.ARM.Collect$$libinit$$0000002C)
    .ARM.Collect$$libinit$$0000002E          0x08000184   Section        0  libinit2.o(.ARM.Collect$$libinit$$0000002E)
    .ARM.Collect$$libinit$$00000030          0x08000184   Section        0  libinit2.o(.ARM.Collect$$libinit$$00000030)
    .ARM.Collect$$libinit$$00000032          0x08000184   Section        0  libinit2.o(.ARM.Collect$$libinit$$00000032)
    .ARM.Collect$$libinit$$00000033          0x08000184   Section        2  libinit2.o(.ARM.Collect$$libinit$$00000033)
    .ARM.Collect$$libshutdown$$00000000      0x08000186   Section        2  libshutdown.o(.ARM.Collect$$libshutdown$$00000000)
    .ARM.Collect$$libshutdown$$00000002      0x08000188   Section        4  libshutdown2.o(.ARM.Collect$$libshutdown$$00000002)
    .ARM.Collect$$libshutdown$$00000003      0x0800018c   Section        0  libshutdown2.o(.ARM.Collect$$libshutdown$$00000003)
    .ARM.Collect$$libshutdown$$00000006      0x0800018c   Section        0  libshutdown2.o(.ARM.Collect$$libshutdown$$00000006)
    .ARM.Collect$$libshutdown$$00000009      0x0800018c   Section        0  libshutdown2.o(.ARM.Collect$$libshutdown$$00000009)
    .ARM.Collect$$libshutdown$$0000000B      0x0800018c   Section        0  libshutdown2.o(.ARM.Collect$$libshutdown$$0000000B)
    .ARM.Collect$$libshutdown$$0000000E      0x0800018c   Section        0  libshutdown2.o(.ARM.Collect$$libshutdown$$0000000E)
    .ARM.Collect$$libshutdown$$0000000F      0x0800018c   Section        2  libshutdown2.o(.ARM.Collect$$libshutdown$$0000000F)
    .ARM.Collect$$rtentry$$00000000          0x0800018e   Section        0  __rtentry.o(.ARM.Collect$$rtentry$$00000000)
    .ARM.Collect$$rtentry$$00000002          0x0800018e   Section        0  __rtentry2.o(.ARM.Collect$$rtentry$$00000002)
    .ARM.Collect$$rtentry$$00000004          0x0800018e   Section        6  __rtentry4.o(.ARM.Collect$$rtentry$$00000004)
    .ARM.Collect$$rtentry$$00000009          0x08000194   Section        0  __rtentry2.o(.ARM.Collect$$rtentry$$00000009)
    .ARM.Collect$$rtentry$$0000000A          0x08000194   Section        4  __rtentry2.o(.ARM.Collect$$rtentry$$0000000A)
    .ARM.Collect$$rtentry$$0000000C          0x08000198   Section        0  __rtentry2.o(.ARM.Collect$$rtentry$$0000000C)
    .ARM.Collect$$rtentry$$0000000D          0x08000198   Section        8  __rtentry2.o(.ARM.Collect$$rtentry$$0000000D)
    .ARM.Collect$$rtexit$$00000000           0x080001a0   Section        2  rtexit.o(.ARM.Collect$$rtexit$$00000000)
    .ARM.Collect$$rtexit$$00000002           0x080001a2   Section        0  rtexit2.o(.ARM.Collect$$rtexit$$00000002)
    .ARM.Collect$$rtexit$$00000003           0x080001a2   Section        4  rtexit2.o(.ARM.Collect$$rtexit$$00000003)
    .ARM.Collect$$rtexit$$00000004           0x080001a6   Section        6  rtexit2.o(.ARM.Collect$$rtexit$$00000004)
    .emb_text                                0x080001ac   Section        0  maybetermalloc1.o(.emb_text)
    .text                                    0x080001ac   Section       64  startup_stm32f103xb.o(.text)
    .text                                    0x080001ec   Section        0  noretval__2printf.o(.text)
    .text                                    0x08000204   Section        0  __printf.o(.text)
    .text                                    0x0800026c   Section        0  _printf_str.o(.text)
    .text                                    0x080002c0   Section        0  _printf_dec.o(.text)
    .text                                    0x08000338   Section        0  _printf_hex_int.o(.text)
    .text                                    0x08000390   Section        0  strlen.o(.text)
    .text                                    0x080003ce   Section      138  rt_memcpy_v6.o(.text)
    .text                                    0x08000458   Section       68  rt_memclr.o(.text)
    .text                                    0x0800049c   Section       78  rt_memclr_w.o(.text)
    .text                                    0x080004ea   Section        0  heapauxi.o(.text)
    .text                                    0x080004f0   Section        0  _printf_intcommon.o(.text)
    .text                                    0x080005a2   Section        0  _printf_char.o(.text)
    .text                                    0x080005d0   Section        0  _printf_char_file.o(.text)
    .text                                    0x080005f4   Section      100  rt_memcpy_w.o(.text)
    .text                                    0x08000658   Section        0  _printf_char_common.o(.text)
    _printf_input_char                       0x08000659   Thumb Code    10  _printf_char_common.o(.text)
    .text                                    0x08000688   Section        0  ferror.o(.text)
    .text                                    0x08000690   Section        0  initio.o(.text)
    .text                                    0x080007c8   Section        0  sys_io.o(.text)
    .text                                    0x0800082e   Section       74  sys_stackheap_outer.o(.text)
    .text                                    0x08000878   Section        0  h1_free.o(.text)
    .text                                    0x080008c6   Section        0  setvbuf.o(.text)
    .text                                    0x0800090c   Section        0  fopen.o(.text)
    _freopen_locked                          0x0800090d   Thumb Code     0  fopen.o(.text)
    .text                                    0x080009f8   Section        0  fclose.o(.text)
    .text                                    0x08000a44   Section        0  exit.o(.text)
    .text                                    0x08000a50   Section        0  defsig_rtred_outer.o(.text)
    .text                                    0x08000a60   Section        8  libspace.o(.text)
    .text                                    0x08000a68   Section        2  use_no_semi.o(.text)
    .text                                    0x08000a6a   Section        0  indicate_semi.o(.text)
    .text                                    0x08000a6c   Section        8  rt_heap_descriptor_intlibspace.o(.text)
    .text                                    0x08000a74   Section        0  hguard.o(.text)
    .text                                    0x08000a78   Section        0  init_alloc.o(.text)
    .text                                    0x08000b02   Section        0  h1_alloc.o(.text)
    .text                                    0x08000b60   Section        0  fseek.o(.text)
    .text                                    0x08000c58   Section        0  stdio.o(.text)
    .text                                    0x08000d48   Section        0  defsig_exit.o(.text)
    .text                                    0x08000d54   Section        0  defsig_rtred_inner.o(.text)
    .text                                    0x08000d88   Section        0  sys_exit.o(.text)
    .text                                    0x08000d94   Section        0  h1_init.o(.text)
    .text                                    0x08000da2   Section        0  h1_extend.o(.text)
    .text                                    0x08000dd6   Section        0  ftell.o(.text)
    .text                                    0x08000e18   Section        0  defsig_general.o(.text)
    .text                                    0x08000e4a   Section        0  defsig_rtmem_outer.o(.text)
    .text                                    0x08000e58   Section        0  sys_wrch.o(.text)
    .text                                    0x08000e68   Section        8  rt_errno_addr_intlibspace.o(.text)
    .text                                    0x08000e70   Section        0  defsig_rtmem_inner.o(.text)
    i.BusFault_Handler                       0x08000ec0   Section        0  stm32f1xx_it.o(i.BusFault_Handler)
    i.DMA1_Channel6_IRQHandler               0x08000ec4   Section        0  stm32f1xx_it.o(i.DMA1_Channel6_IRQHandler)
    i.DMA1_Channel7_IRQHandler               0x08000ed0   Section        0  stm32f1xx_it.o(i.DMA1_Channel7_IRQHandler)
    i.DMA_SetConfig                          0x08000edc   Section        0  stm32f1xx_hal_dma.o(i.DMA_SetConfig)
    DMA_SetConfig                            0x08000edd   Thumb Code    42  stm32f1xx_hal_dma.o(i.DMA_SetConfig)
    i.DebugMon_Handler                       0x08000f06   Section        0  stm32f1xx_it.o(i.DebugMon_Handler)
    i.Error_Handler                          0x08000f08   Section        0  main.o(i.Error_Handler)
    i.HAL_DMA_Abort                          0x08000f0c   Section        0  stm32f1xx_hal_dma.o(i.HAL_DMA_Abort)
    i.HAL_DMA_Abort_IT                       0x08000f54   Section        0  stm32f1xx_hal_dma.o(i.HAL_DMA_Abort_IT)
    i.HAL_DMA_IRQHandler                     0x08000fec   Section        0  stm32f1xx_hal_dma.o(i.HAL_DMA_IRQHandler)
    i.HAL_DMA_Init                           0x08001140   Section        0  stm32f1xx_hal_dma.o(i.HAL_DMA_Init)
    i.HAL_DMA_Start_IT                       0x0800119c   Section        0  stm32f1xx_hal_dma.o(i.HAL_DMA_Start_IT)
    i.HAL_Delay                              0x0800120c   Section        0  stm32f1xx_hal.o(i.HAL_Delay)
    i.HAL_GPIO_Init                          0x08001230   Section        0  stm32f1xx_hal_gpio.o(i.HAL_GPIO_Init)
    i.HAL_GetTick                            0x08001410   Section        0  stm32f1xx_hal.o(i.HAL_GetTick)
    i.HAL_IncTick                            0x0800141c   Section        0  stm32f1xx_hal.o(i.HAL_IncTick)
    i.HAL_Init                               0x0800142c   Section        0  stm32f1xx_hal.o(i.HAL_Init)
    i.HAL_InitTick                           0x08001450   Section        0  stm32f1xx_hal.o(i.HAL_InitTick)
    i.HAL_MspInit                            0x08001490   Section        0  stm32f1xx_hal_msp.o(i.HAL_MspInit)
    i.HAL_NVIC_EnableIRQ                     0x080014c0   Section        0  stm32f1xx_hal_cortex.o(i.HAL_NVIC_EnableIRQ)
    i.HAL_NVIC_SetPriority                   0x080014dc   Section        0  stm32f1xx_hal_cortex.o(i.HAL_NVIC_SetPriority)
    i.HAL_NVIC_SetPriorityGrouping           0x0800151c   Section        0  stm32f1xx_hal_cortex.o(i.HAL_NVIC_SetPriorityGrouping)
    i.HAL_RCC_ClockConfig                    0x08001540   Section        0  stm32f1xx_hal_rcc.o(i.HAL_RCC_ClockConfig)
    i.HAL_RCC_GetPCLK1Freq                   0x0800166c   Section        0  stm32f1xx_hal_rcc.o(i.HAL_RCC_GetPCLK1Freq)
    i.HAL_RCC_GetPCLK2Freq                   0x0800168c   Section        0  stm32f1xx_hal_rcc.o(i.HAL_RCC_GetPCLK2Freq)
    i.HAL_RCC_GetSysClockFreq                0x080016ac   Section        0  stm32f1xx_hal_rcc.o(i.HAL_RCC_GetSysClockFreq)
    i.HAL_RCC_OscConfig                      0x080016f8   Section        0  stm32f1xx_hal_rcc.o(i.HAL_RCC_OscConfig)
    i.HAL_SYSTICK_Config                     0x08001a18   Section        0  stm32f1xx_hal_cortex.o(i.HAL_SYSTICK_Config)
    i.HAL_TIMEx_BreakCallback                0x08001a40   Section        0  stm32f1xx_hal_tim_ex.o(i.HAL_TIMEx_BreakCallback)
    i.HAL_TIMEx_CommutCallback               0x08001a42   Section        0  stm32f1xx_hal_tim_ex.o(i.HAL_TIMEx_CommutCallback)
    i.HAL_TIMEx_MasterConfigSynchronization  0x08001a44   Section        0  stm32f1xx_hal_tim_ex.o(i.HAL_TIMEx_MasterConfigSynchronization)
    i.HAL_TIM_Base_Init                      0x08001aac   Section        0  stm32f1xx_hal_tim.o(i.HAL_TIM_Base_Init)
    i.HAL_TIM_Base_MspInit                   0x08001b08   Section        0  tim.o(i.HAL_TIM_Base_MspInit)
    i.HAL_TIM_Base_Start_IT                  0x08001b40   Section        0  stm32f1xx_hal_tim.o(i.HAL_TIM_Base_Start_IT)
    i.HAL_TIM_ConfigClockSource              0x08001b98   Section        0  stm32f1xx_hal_tim.o(i.HAL_TIM_ConfigClockSource)
    i.HAL_TIM_IC_CaptureCallback             0x08001c74   Section        0  stm32f1xx_hal_tim.o(i.HAL_TIM_IC_CaptureCallback)
    i.HAL_TIM_IRQHandler                     0x08001c76   Section        0  stm32f1xx_hal_tim.o(i.HAL_TIM_IRQHandler)
    i.HAL_TIM_OC_DelayElapsedCallback        0x08001ddc   Section        0  stm32f1xx_hal_tim.o(i.HAL_TIM_OC_DelayElapsedCallback)
    i.HAL_TIM_PWM_PulseFinishedCallback      0x08001dde   Section        0  stm32f1xx_hal_tim.o(i.HAL_TIM_PWM_PulseFinishedCallback)
    i.HAL_TIM_PeriodElapsedCallback          0x08001de0   Section        0  main.o(i.HAL_TIM_PeriodElapsedCallback)
    i.HAL_TIM_TriggerCallback                0x08001e20   Section        0  stm32f1xx_hal_tim.o(i.HAL_TIM_TriggerCallback)
    i.HAL_UARTEx_RxEventCallback             0x08001e22   Section        0  stm32f1xx_hal_uart.o(i.HAL_UARTEx_RxEventCallback)
    i.HAL_UART_ErrorCallback                 0x08001e24   Section        0  stm32f1xx_hal_uart.o(i.HAL_UART_ErrorCallback)
    i.HAL_UART_GetState                      0x08001e26   Section        0  stm32f1xx_hal_uart.o(i.HAL_UART_GetState)
    i.HAL_UART_IRQHandler                    0x08001e30   Section        0  stm32f1xx_hal_uart.o(i.HAL_UART_IRQHandler)
    i.HAL_UART_Init                          0x0800209c   Section        0  stm32f1xx_hal_uart.o(i.HAL_UART_Init)
    i.HAL_UART_MspInit                       0x08002100   Section        0  usart.o(i.HAL_UART_MspInit)
    i.HAL_UART_Receive_DMA                   0x08002230   Section        0  stm32f1xx_hal_uart.o(i.HAL_UART_Receive_DMA)
    i.HAL_UART_Receive_IT                    0x0800224c   Section        0  stm32f1xx_hal_uart.o(i.HAL_UART_Receive_IT)
    i.HAL_UART_RxCpltCallback                0x08002268   Section        0  main.o(i.HAL_UART_RxCpltCallback)
    i.HAL_UART_RxHalfCpltCallback            0x08002388   Section        0  stm32f1xx_hal_uart.o(i.HAL_UART_RxHalfCpltCallback)
    i.HAL_UART_Transmit                      0x0800238a   Section        0  stm32f1xx_hal_uart.o(i.HAL_UART_Transmit)
    i.HAL_UART_Transmit_DMA                  0x08002424   Section        0  stm32f1xx_hal_uart.o(i.HAL_UART_Transmit_DMA)
    i.HAL_UART_TxCpltCallback                0x0800249c   Section        0  stm32f1xx_hal_uart.o(i.HAL_UART_TxCpltCallback)
    i.HAL_UART_TxHalfCpltCallback            0x0800249e   Section        0  stm32f1xx_hal_uart.o(i.HAL_UART_TxHalfCpltCallback)
    i.HardFault_Handler                      0x080024a0   Section        0  stm32f1xx_it.o(i.HardFault_Handler)
    i.MX_DMA_Init                            0x080024a4   Section        0  dma.o(i.MX_DMA_Init)
    i.MX_GPIO_Init                           0x080024e0   Section        0  gpio.o(i.MX_GPIO_Init)
    i.MX_TIM2_Init                           0x0800250c   Section        0  tim.o(i.MX_TIM2_Init)
    i.MX_USART1_UART_Init                    0x08002574   Section        0  usart.o(i.MX_USART1_UART_Init)
    i.MX_USART2_UART_Init                    0x080025ac   Section        0  usart.o(i.MX_USART2_UART_Init)
    i.MemManage_Handler                      0x080025e4   Section        0  stm32f1xx_it.o(i.MemManage_Handler)
    i.NMI_Handler                            0x080025e6   Section        0  stm32f1xx_it.o(i.NMI_Handler)
    i.PendSV_Handler                         0x080025e8   Section        0  stm32f1xx_it.o(i.PendSV_Handler)
    i.SVC_Handler                            0x080025ea   Section        0  stm32f1xx_it.o(i.SVC_Handler)
    i.SysTick_Handler                        0x080025ec   Section        0  stm32f1xx_it.o(i.SysTick_Handler)
    i.SystemClock_Config                     0x080025f0   Section        0  main.o(i.SystemClock_Config)
    i.SystemInit                             0x0800264e   Section        0  system_stm32f1xx.o(i.SystemInit)
    i.TIM2_IRQHandler                        0x08002650   Section        0  stm32f1xx_it.o(i.TIM2_IRQHandler)
    i.TIM_Base_SetConfig                     0x0800265c   Section        0  stm32f1xx_hal_tim.o(i.TIM_Base_SetConfig)
    i.TIM_ETR_SetConfig                      0x080026c8   Section        0  stm32f1xx_hal_tim.o(i.TIM_ETR_SetConfig)
    i.TIM_ITRx_SetConfig                     0x080026dc   Section        0  stm32f1xx_hal_tim.o(i.TIM_ITRx_SetConfig)
    TIM_ITRx_SetConfig                       0x080026dd   Thumb Code    16  stm32f1xx_hal_tim.o(i.TIM_ITRx_SetConfig)
    i.TIM_TI1_ConfigInputStage               0x080026ec   Section        0  stm32f1xx_hal_tim.o(i.TIM_TI1_ConfigInputStage)
    TIM_TI1_ConfigInputStage                 0x080026ed   Thumb Code    34  stm32f1xx_hal_tim.o(i.TIM_TI1_ConfigInputStage)
    i.TIM_TI2_ConfigInputStage               0x0800270e   Section        0  stm32f1xx_hal_tim.o(i.TIM_TI2_ConfigInputStage)
    TIM_TI2_ConfigInputStage                 0x0800270f   Thumb Code    36  stm32f1xx_hal_tim.o(i.TIM_TI2_ConfigInputStage)
    i.UART_DMAAbortOnError                   0x08002732   Section        0  stm32f1xx_hal_uart.o(i.UART_DMAAbortOnError)
    UART_DMAAbortOnError                     0x08002733   Thumb Code    16  stm32f1xx_hal_uart.o(i.UART_DMAAbortOnError)
    i.UART_DMAError                          0x08002742   Section        0  stm32f1xx_hal_uart.o(i.UART_DMAError)
    UART_DMAError                            0x08002743   Thumb Code    74  stm32f1xx_hal_uart.o(i.UART_DMAError)
    i.UART_DMAReceiveCplt                    0x0800278c   Section        0  stm32f1xx_hal_uart.o(i.UART_DMAReceiveCplt)
    UART_DMAReceiveCplt                      0x0800278d   Thumb Code   134  stm32f1xx_hal_uart.o(i.UART_DMAReceiveCplt)
    i.UART_DMARxHalfCplt                     0x08002812   Section        0  stm32f1xx_hal_uart.o(i.UART_DMARxHalfCplt)
    UART_DMARxHalfCplt                       0x08002813   Thumb Code    30  stm32f1xx_hal_uart.o(i.UART_DMARxHalfCplt)
    i.UART_DMATransmitCplt                   0x08002830   Section        0  stm32f1xx_hal_uart.o(i.UART_DMATransmitCplt)
    UART_DMATransmitCplt                     0x08002831   Thumb Code    66  stm32f1xx_hal_uart.o(i.UART_DMATransmitCplt)
    i.UART_DMATxHalfCplt                     0x08002872   Section        0  stm32f1xx_hal_uart.o(i.UART_DMATxHalfCplt)
    UART_DMATxHalfCplt                       0x08002873   Thumb Code    10  stm32f1xx_hal_uart.o(i.UART_DMATxHalfCplt)
    i.UART_EndRxTransfer                     0x0800287c   Section        0  stm32f1xx_hal_uart.o(i.UART_EndRxTransfer)
    UART_EndRxTransfer                       0x0800287d   Thumb Code    78  stm32f1xx_hal_uart.o(i.UART_EndRxTransfer)
    i.UART_EndTxTransfer                     0x080028ca   Section        0  stm32f1xx_hal_uart.o(i.UART_EndTxTransfer)
    UART_EndTxTransfer                       0x080028cb   Thumb Code    28  stm32f1xx_hal_uart.o(i.UART_EndTxTransfer)
    i.UART_Receive_IT                        0x080028e6   Section        0  stm32f1xx_hal_uart.o(i.UART_Receive_IT)
    UART_Receive_IT                          0x080028e7   Thumb Code   194  stm32f1xx_hal_uart.o(i.UART_Receive_IT)
    i.UART_SetConfig                         0x080029a8   Section        0  stm32f1xx_hal_uart.o(i.UART_SetConfig)
    UART_SetConfig                           0x080029a9   Thumb Code   178  stm32f1xx_hal_uart.o(i.UART_SetConfig)
    i.UART_Start_Receive_DMA                 0x08002a60   Section        0  stm32f1xx_hal_uart.o(i.UART_Start_Receive_DMA)
    i.UART_Start_Receive_IT                  0x08002af0   Section        0  stm32f1xx_hal_uart.o(i.UART_Start_Receive_IT)
    i.UART_WaitOnFlagUntilTimeout            0x08002b26   Section        0  stm32f1xx_hal_uart.o(i.UART_WaitOnFlagUntilTimeout)
    UART_WaitOnFlagUntilTimeout              0x08002b27   Thumb Code   120  stm32f1xx_hal_uart.o(i.UART_WaitOnFlagUntilTimeout)
    i.USART1_IRQHandler                      0x08002ba0   Section        0  stm32f1xx_it.o(i.USART1_IRQHandler)
    i.USART2_IRQHandler                      0x08002bac   Section        0  stm32f1xx_it.o(i.USART2_IRQHandler)
    i.UsageFault_Handler                     0x08002bb8   Section        0  stm32f1xx_it.o(i.UsageFault_Handler)
    i.__NVIC_SetPriority                     0x08002bba   Section        0  stm32f1xx_hal_cortex.o(i.__NVIC_SetPriority)
    __NVIC_SetPriority                       0x08002bbb   Thumb Code    32  stm32f1xx_hal_cortex.o(i.__NVIC_SetPriority)
    i.fputc                                  0x08002bdc   Section        0  main.o(i.fputc)
    i.main                                   0x08002bf4   Section        0  main.o(i.main)
    .constdata                               0x08002cc8   Section       18  stm32f1xx_hal_rcc.o(.constdata)
    aPredivFactorTable                       0x08002cc8   Data           2  stm32f1xx_hal_rcc.o(.constdata)
    aPLLMULFactorTable                       0x08002cca   Data          16  stm32f1xx_hal_rcc.o(.constdata)
    .constdata                               0x08002cda   Section       16  system_stm32f1xx.o(.constdata)
    .constdata                               0x08002cea   Section        8  system_stm32f1xx.o(.constdata)
    .constdata                               0x08002cf2   Section       40  _printf_hex_int.o(.constdata)
    uc_hextab                                0x08002cf2   Data          20  _printf_hex_int.o(.constdata)
    lc_hextab                                0x08002d06   Data          20  _printf_hex_int.o(.constdata)
    .constdata                               0x08002d1a   Section        4  sys_io.o(.constdata)
    .constdata                               0x08002d1e   Section        4  sys_io.o(.constdata)
    .constdata                               0x08002d22   Section        4  sys_io.o(.constdata)
    .data                                    0x20000000   Section       20  main.o(.data)
    .data                                    0x20000014   Section       12  stm32f1xx_hal.o(.data)
    .data                                    0x20000020   Section        4  system_stm32f1xx.o(.data)
    .data                                    0x20000024   Section        4  stdio_streams.o(.data)
    .data                                    0x20000028   Section        4  stdio_streams.o(.data)
    .data                                    0x2000002c   Section        4  stdio_streams.o(.data)
    .bss                                     0x20000030   Section      632  main.o(.bss)
    .bss                                     0x200002a8   Section       72  tim.o(.bss)
    .bss                                     0x200002f0   Section      280  usart.o(.bss)
    .bss                                     0x20000408   Section       84  stdio_streams.o(.bss)
    .bss                                     0x2000045c   Section       84  stdio_streams.o(.bss)
    .bss                                     0x200004b0   Section       84  stdio_streams.o(.bss)
    .bss                                     0x20000504   Section       96  libspace.o(.bss)
    HEAP                                     0x20000568   Section      512  startup_stm32f103xb.o(HEAP)
    Heap_Mem                                 0x20000568   Data         512  startup_stm32f103xb.o(HEAP)
    STACK                                    0x20000768   Section     1024  startup_stm32f103xb.o(STACK)
    Stack_Mem                                0x20000768   Data        1024  startup_stm32f103xb.o(STACK)
    __initial_sp                             0x20000b68   Data           0  startup_stm32f103xb.o(STACK)

    Global Symbols

    Symbol Name                              Value     Ov Type        Size  Object(Section)

    BuildAttributes$$THM_ISAv4$P$D$K$B$S$PE$A:L22UL41UL21$X:L11$S22US41US21$IEEE1$IW$USESV6$~STKCKD$USESV7$~SHL$OTIME$ROPI$EBA8$UX$STANDARDLIB$REQ8$PRES8$EABIv2 0x00000000   Number         0  anon$$obj.o ABSOLUTE
    __ARM_use_no_argv                        0x00000000   Number         0  main.o ABSOLUTE
    __ARM_exceptions_init                     - Undefined Weak Reference
    __alloca_initialize                       - Undefined Weak Reference
    __arm_preinit_                            - Undefined Weak Reference
    __cpp_initialize__aeabi_                  - Undefined Weak Reference
    __cxa_finalize                            - Undefined Weak Reference
    __rt_locale                               - Undefined Weak Reference
    __sigvec_lookup                           - Undefined Weak Reference
    __user_heap_extent                        - Undefined Weak Reference
    _atexit_init                              - Undefined Weak Reference
    _call_atexit_fns                          - Undefined Weak Reference
    _clock_init                               - Undefined Weak Reference
    _fp_trap_init                             - Undefined Weak Reference
    _fp_trap_shutdown                         - Undefined Weak Reference
    _get_lc_collate                           - Undefined Weak Reference
    _get_lc_ctype                             - Undefined Weak Reference
    _get_lc_monetary                          - Undefined Weak Reference
    _get_lc_numeric                           - Undefined Weak Reference
    _get_lc_time                              - Undefined Weak Reference
    _getenv_init                              - Undefined Weak Reference
    _handle_redirection                       - Undefined Weak Reference
    _mutex_acquire                            - Undefined Weak Reference
    _mutex_free                               - Undefined Weak Reference
    _mutex_release                            - Undefined Weak Reference
    _printf_mbtowc                            - Undefined Weak Reference
    _printf_post_padding                      - Undefined Weak Reference
    _printf_pre_padding                       - Undefined Weak Reference
    _printf_truncate_signed                   - Undefined Weak Reference
    _printf_truncate_unsigned                 - Undefined Weak Reference
    _rand_init                                - Undefined Weak Reference
    _signal_finish                            - Undefined Weak Reference
    _signal_init                              - Undefined Weak Reference
    __Vectors_Size                           0x000000ec   Number         0  startup_stm32f103xb.o ABSOLUTE
    __Vectors                                0x08000000   Data           4  startup_stm32f103xb.o(RESET)
    __Vectors_End                            0x080000ec   Data           0  startup_stm32f103xb.o(RESET)
    __main                                   0x080000ed   Thumb Code     8  __main.o(!!!main)
    __scatterload                            0x080000f5   Thumb Code     0  __scatter.o(!!!scatter)
    __scatterload_rt2                        0x080000f5   Thumb Code    44  __scatter.o(!!!scatter)
    __scatterload_rt2_thumb_only             0x080000f5   Thumb Code     0  __scatter.o(!!!scatter)
    __scatterload_null                       0x08000103   Thumb Code     0  __scatter.o(!!!scatter)
    __scatterload_copy                       0x08000129   Thumb Code    26  __scatter_copy.o(!!handler_copy)
    __scatterload_zeroinit                   0x08000145   Thumb Code    28  __scatter_zi.o(!!handler_zi)
    _printf_d                                0x08000161   Thumb Code     0  _printf_d.o(.ARM.Collect$$_printf_percent$$00000009)
    _printf_percent                          0x08000161   Thumb Code     0  _printf_percent.o(.ARM.Collect$$_printf_percent$$00000000)
    _printf_x                                0x08000167   Thumb Code     0  _printf_x.o(.ARM.Collect$$_printf_percent$$0000000C)
    _printf_c                                0x0800016d   Thumb Code     0  _printf_c.o(.ARM.Collect$$_printf_percent$$00000013)
    _printf_percent_end                      0x08000173   Thumb Code     0  _printf_percent_end.o(.ARM.Collect$$_printf_percent$$00000017)
    __rt_lib_init                            0x08000177   Thumb Code     0  libinit.o(.ARM.Collect$$libinit$$00000000)
    __rt_lib_init_fp_1                       0x08000179   Thumb Code     0  libinit2.o(.ARM.Collect$$libinit$$00000002)
    __rt_lib_init_heap_2                     0x08000179   Thumb Code     0  libinit2.o(.ARM.Collect$$libinit$$00000005)
    __rt_lib_init_preinit_1                  0x08000179   Thumb Code     0  libinit2.o(.ARM.Collect$$libinit$$00000004)
    __rt_lib_init_atexit_1                   0x08000181   Thumb Code     0  libinit2.o(.ARM.Collect$$libinit$$0000001B)
    __rt_lib_init_clock_1                    0x08000181   Thumb Code     0  libinit2.o(.ARM.Collect$$libinit$$00000021)
    __rt_lib_init_fp_trap_1                  0x08000181   Thumb Code     0  libinit2.o(.ARM.Collect$$libinit$$0000001F)
    __rt_lib_init_getenv_1                   0x08000181   Thumb Code     0  libinit2.o(.ARM.Collect$$libinit$$00000023)
    __rt_lib_init_heap_1                     0x08000181   Thumb Code     0  libinit2.o(.ARM.Collect$$libinit$$0000000A)
    __rt_lib_init_lc_collate_1               0x08000181   Thumb Code     0  libinit2.o(.ARM.Collect$$libinit$$00000011)
    __rt_lib_init_lc_ctype_1                 0x08000181   Thumb Code     0  libinit2.o(.ARM.Collect$$libinit$$00000013)
    __rt_lib_init_lc_monetary_1              0x08000181   Thumb Code     0  libinit2.o(.ARM.Collect$$libinit$$00000015)
    __rt_lib_init_lc_numeric_1               0x08000181   Thumb Code     0  libinit2.o(.ARM.Collect$$libinit$$00000017)
    __rt_lib_init_lc_time_1                  0x08000181   Thumb Code     0  libinit2.o(.ARM.Collect$$libinit$$00000019)
    __rt_lib_init_rand_1                     0x08000181   Thumb Code     0  libinit2.o(.ARM.Collect$$libinit$$0000000E)
    __rt_lib_init_signal_1                   0x08000181   Thumb Code     0  libinit2.o(.ARM.Collect$$libinit$$0000001D)
    __rt_lib_init_stdio_2                    0x08000181   Thumb Code     0  libinit2.o(.ARM.Collect$$libinit$$00000024)
    __rt_lib_init_user_alloc_1               0x08000181   Thumb Code     0  libinit2.o(.ARM.Collect$$libinit$$0000000C)
    __rt_lib_init_alloca_1                   0x08000185   Thumb Code     0  libinit2.o(.ARM.Collect$$libinit$$0000002E)
    __rt_lib_init_argv_1                     0x08000185   Thumb Code     0  libinit2.o(.ARM.Collect$$libinit$$0000002C)
    __rt_lib_init_cpp_1                      0x08000185   Thumb Code     0  libinit2.o(.ARM.Collect$$libinit$$00000032)
    __rt_lib_init_exceptions_1               0x08000185   Thumb Code     0  libinit2.o(.ARM.Collect$$libinit$$00000030)
    __rt_lib_init_return                     0x08000185   Thumb Code     0  libinit2.o(.ARM.Collect$$libinit$$00000033)
    __rt_lib_init_stdio_1                    0x08000185   Thumb Code     0  libinit2.o(.ARM.Collect$$libinit$$00000025)
    __rt_lib_shutdown                        0x08000187   Thumb Code     0  libshutdown.o(.ARM.Collect$$libshutdown$$00000000)
    __rt_lib_shutdown_stdio_2                0x08000189   Thumb Code     0  libshutdown2.o(.ARM.Collect$$libshutdown$$00000002)
    __rt_lib_shutdown_fp_trap_1              0x0800018d   Thumb Code     0  libshutdown2.o(.ARM.Collect$$libshutdown$$00000006)
    __rt_lib_shutdown_heap_1                 0x0800018d   Thumb Code     0  libshutdown2.o(.ARM.Collect$$libshutdown$$0000000E)
    __rt_lib_shutdown_return                 0x0800018d   Thumb Code     0  libshutdown2.o(.ARM.Collect$$libshutdown$$0000000F)
    __rt_lib_shutdown_signal_1               0x0800018d   Thumb Code     0  libshutdown2.o(.ARM.Collect$$libshutdown$$00000009)
    __rt_lib_shutdown_stdio_1                0x0800018d   Thumb Code     0  libshutdown2.o(.ARM.Collect$$libshutdown$$00000003)
    __rt_lib_shutdown_user_alloc_1           0x0800018d   Thumb Code     0  libshutdown2.o(.ARM.Collect$$libshutdown$$0000000B)
    __rt_entry                               0x0800018f   Thumb Code     0  __rtentry.o(.ARM.Collect$$rtentry$$00000000)
    __rt_entry_presh_1                       0x0800018f   Thumb Code     0  __rtentry2.o(.ARM.Collect$$rtentry$$00000002)
    __rt_entry_sh                            0x0800018f   Thumb Code     0  __rtentry4.o(.ARM.Collect$$rtentry$$00000004)
    __rt_entry_li                            0x08000195   Thumb Code     0  __rtentry2.o(.ARM.Collect$$rtentry$$0000000A)
    __rt_entry_postsh_1                      0x08000195   Thumb Code     0  __rtentry2.o(.ARM.Collect$$rtentry$$00000009)
    __rt_entry_main                          0x08000199   Thumb Code     0  __rtentry2.o(.ARM.Collect$$rtentry$$0000000D)
    __rt_entry_postli_1                      0x08000199   Thumb Code     0  __rtentry2.o(.ARM.Collect$$rtentry$$0000000C)
    __rt_exit                                0x080001a1   Thumb Code     0  rtexit.o(.ARM.Collect$$rtexit$$00000000)
    __rt_exit_ls                             0x080001a3   Thumb Code     0  rtexit2.o(.ARM.Collect$$rtexit$$00000003)
    __rt_exit_prels_1                        0x080001a3   Thumb Code     0  rtexit2.o(.ARM.Collect$$rtexit$$00000002)
    __rt_exit_exit                           0x080001a7   Thumb Code     0  rtexit2.o(.ARM.Collect$$rtexit$$00000004)
    Reset_Handler                            0x080001ad   Thumb Code     8  startup_stm32f103xb.o(.text)
    _maybe_terminate_alloc                   0x080001ad   Thumb Code     0  maybetermalloc1.o(.emb_text)
    ADC1_2_IRQHandler                        0x080001c7   Thumb Code     0  startup_stm32f103xb.o(.text)
    CAN1_RX1_IRQHandler                      0x080001c7   Thumb Code     0  startup_stm32f103xb.o(.text)
    CAN1_SCE_IRQHandler                      0x080001c7   Thumb Code     0  startup_stm32f103xb.o(.text)
    DMA1_Channel1_IRQHandler                 0x080001c7   Thumb Code     0  startup_stm32f103xb.o(.text)
    DMA1_Channel2_IRQHandler                 0x080001c7   Thumb Code     0  startup_stm32f103xb.o(.text)
    DMA1_Channel3_IRQHandler                 0x080001c7   Thumb Code     0  startup_stm32f103xb.o(.text)
    DMA1_Channel4_IRQHandler                 0x080001c7   Thumb Code     0  startup_stm32f103xb.o(.text)
    DMA1_Channel5_IRQHandler                 0x080001c7   Thumb Code     0  startup_stm32f103xb.o(.text)
    EXTI0_IRQHandler                         0x080001c7   Thumb Code     0  startup_stm32f103xb.o(.text)
    EXTI15_10_IRQHandler                     0x080001c7   Thumb Code     0  startup_stm32f103xb.o(.text)
    EXTI1_IRQHandler                         0x080001c7   Thumb Code     0  startup_stm32f103xb.o(.text)
    EXTI2_IRQHandler                         0x080001c7   Thumb Code     0  startup_stm32f103xb.o(.text)
    EXTI3_IRQHandler                         0x080001c7   Thumb Code     0  startup_stm32f103xb.o(.text)
    EXTI4_IRQHandler                         0x080001c7   Thumb Code     0  startup_stm32f103xb.o(.text)
    EXTI9_5_IRQHandler                       0x080001c7   Thumb Code     0  startup_stm32f103xb.o(.text)
    FLASH_IRQHandler                         0x080001c7   Thumb Code     0  startup_stm32f103xb.o(.text)
    I2C1_ER_IRQHandler                       0x080001c7   Thumb Code     0  startup_stm32f103xb.o(.text)
    I2C1_EV_IRQHandler                       0x080001c7   Thumb Code     0  startup_stm32f103xb.o(.text)
    I2C2_ER_IRQHandler                       0x080001c7   Thumb Code     0  startup_stm32f103xb.o(.text)
    I2C2_EV_IRQHandler                       0x080001c7   Thumb Code     0  startup_stm32f103xb.o(.text)
    PVD_IRQHandler                           0x080001c7   Thumb Code     0  startup_stm32f103xb.o(.text)
    RCC_IRQHandler                           0x080001c7   Thumb Code     0  startup_stm32f103xb.o(.text)
    RTC_Alarm_IRQHandler                     0x080001c7   Thumb Code     0  startup_stm32f103xb.o(.text)
    RTC_IRQHandler                           0x080001c7   Thumb Code     0  startup_stm32f103xb.o(.text)
    SPI1_IRQHandler                          0x080001c7   Thumb Code     0  startup_stm32f103xb.o(.text)
    SPI2_IRQHandler                          0x080001c7   Thumb Code     0  startup_stm32f103xb.o(.text)
    TAMPER_IRQHandler                        0x080001c7   Thumb Code     0  startup_stm32f103xb.o(.text)
    TIM1_BRK_IRQHandler                      0x080001c7   Thumb Code     0  startup_stm32f103xb.o(.text)
    TIM1_CC_IRQHandler                       0x080001c7   Thumb Code     0  startup_stm32f103xb.o(.text)
    TIM1_TRG_COM_IRQHandler                  0x080001c7   Thumb Code     0  startup_stm32f103xb.o(.text)
    TIM1_UP_IRQHandler                       0x080001c7   Thumb Code     0  startup_stm32f103xb.o(.text)
    TIM3_IRQHandler                          0x080001c7   Thumb Code     0  startup_stm32f103xb.o(.text)
    TIM4_IRQHandler                          0x080001c7   Thumb Code     0  startup_stm32f103xb.o(.text)
    USART3_IRQHandler                        0x080001c7   Thumb Code     0  startup_stm32f103xb.o(.text)
    USBWakeUp_IRQHandler                     0x080001c7   Thumb Code     0  startup_stm32f103xb.o(.text)
    USB_HP_CAN1_TX_IRQHandler                0x080001c7   Thumb Code     0  startup_stm32f103xb.o(.text)
    USB_LP_CAN1_RX0_IRQHandler               0x080001c7   Thumb Code     0  startup_stm32f103xb.o(.text)
    WWDG_IRQHandler                          0x080001c7   Thumb Code     0  startup_stm32f103xb.o(.text)
    __user_initial_stackheap                 0x080001c9   Thumb Code     0  startup_stm32f103xb.o(.text)
    __2printf                                0x080001ed   Thumb Code    20  noretval__2printf.o(.text)
    __printf                                 0x08000205   Thumb Code   104  __printf.o(.text)
    _printf_str                              0x0800026d   Thumb Code    82  _printf_str.o(.text)
    _printf_int_dec                          0x080002c1   Thumb Code   104  _printf_dec.o(.text)
    _printf_int_hex                          0x08000339   Thumb Code    84  _printf_hex_int.o(.text)
    _printf_longlong_hex                     0x08000339   Thumb Code     0  _printf_hex_int.o(.text)
    strlen                                   0x08000391   Thumb Code    62  strlen.o(.text)
    __aeabi_memcpy                           0x080003cf   Thumb Code     0  rt_memcpy_v6.o(.text)
    __rt_memcpy                              0x080003cf   Thumb Code   138  rt_memcpy_v6.o(.text)
    _memcpy_lastbytes                        0x08000435   Thumb Code     0  rt_memcpy_v6.o(.text)
    __aeabi_memclr                           0x08000459   Thumb Code     0  rt_memclr.o(.text)
    __rt_memclr                              0x08000459   Thumb Code    68  rt_memclr.o(.text)
    _memset                                  0x0800045d   Thumb Code     0  rt_memclr.o(.text)
    __aeabi_memclr4                          0x0800049d   Thumb Code     0  rt_memclr_w.o(.text)
    __aeabi_memclr8                          0x0800049d   Thumb Code     0  rt_memclr_w.o(.text)
    __rt_memclr_w                            0x0800049d   Thumb Code    78  rt_memclr_w.o(.text)
    _memset_w                                0x080004a1   Thumb Code     0  rt_memclr_w.o(.text)
    __use_two_region_memory                  0x080004eb   Thumb Code     2  heapauxi.o(.text)
    __rt_heap_escrow                         0x080004ed   Thumb Code     2  heapauxi.o(.text)
    __rt_heap_expand                         0x080004ef   Thumb Code     2  heapauxi.o(.text)
    _printf_int_common                       0x080004f1   Thumb Code   178  _printf_intcommon.o(.text)
    _printf_cs_common                        0x080005a3   Thumb Code    20  _printf_char.o(.text)
    _printf_char                             0x080005b7   Thumb Code    16  _printf_char.o(.text)
    _printf_string                           0x080005c7   Thumb Code     8  _printf_char.o(.text)
    _printf_char_file                        0x080005d1   Thumb Code    32  _printf_char_file.o(.text)
    __aeabi_memcpy4                          0x080005f5   Thumb Code     0  rt_memcpy_w.o(.text)
    __aeabi_memcpy8                          0x080005f5   Thumb Code     0  rt_memcpy_w.o(.text)
    __rt_memcpy_w                            0x080005f5   Thumb Code   100  rt_memcpy_w.o(.text)
    _memcpy_lastbytes_aligned                0x0800063d   Thumb Code     0  rt_memcpy_w.o(.text)
    _printf_char_common                      0x08000663   Thumb Code    32  _printf_char_common.o(.text)
    ferror                                   0x08000689   Thumb Code     8  ferror.o(.text)
    _initio                                  0x08000691   Thumb Code   210  initio.o(.text)
    _terminateio                             0x08000763   Thumb Code    56  initio.o(.text)
    _sys_open                                0x080007c9   Thumb Code    20  sys_io.o(.text)
    _sys_close                               0x080007dd   Thumb Code    12  sys_io.o(.text)
    _sys_write                               0x080007e9   Thumb Code    16  sys_io.o(.text)
    _sys_read                                0x080007f9   Thumb Code    14  sys_io.o(.text)
    _sys_istty                               0x08000807   Thumb Code    12  sys_io.o(.text)
    _sys_seek                                0x08000813   Thumb Code    14  sys_io.o(.text)
    _sys_ensure                              0x08000821   Thumb Code     2  sys_io.o(.text)
    _sys_flen                                0x08000823   Thumb Code    12  sys_io.o(.text)
    __user_setup_stackheap                   0x0800082f   Thumb Code    74  sys_stackheap_outer.o(.text)
    free                                     0x08000879   Thumb Code    78  h1_free.o(.text)
    setvbuf                                  0x080008c7   Thumb Code    70  setvbuf.o(.text)
    freopen                                  0x0800090d   Thumb Code   158  fopen.o(.text)
    fopen                                    0x080009ab   Thumb Code    74  fopen.o(.text)
    _fclose_internal                         0x080009f9   Thumb Code    76  fclose.o(.text)
    fclose                                   0x080009f9   Thumb Code     0  fclose.o(.text)
    exit                                     0x08000a45   Thumb Code    12  exit.o(.text)
    __rt_SIGRTRED                            0x08000a51   Thumb Code    14  defsig_rtred_outer.o(.text)
    __user_libspace                          0x08000a61   Thumb Code     8  libspace.o(.text)
    __user_perproc_libspace                  0x08000a61   Thumb Code     0  libspace.o(.text)
    __user_perthread_libspace                0x08000a61   Thumb Code     0  libspace.o(.text)
    __I$use$semihosting                      0x08000a69   Thumb Code     0  use_no_semi.o(.text)
    __use_no_semihosting_swi                 0x08000a69   Thumb Code     2  use_no_semi.o(.text)
    __semihosting_library_function           0x08000a6b   Thumb Code     0  indicate_semi.o(.text)
    __rt_heap_descriptor                     0x08000a6d   Thumb Code     8  rt_heap_descriptor_intlibspace.o(.text)
    __use_no_heap                            0x08000a75   Thumb Code     2  hguard.o(.text)
    __heap$guard                             0x08000a77   Thumb Code     2  hguard.o(.text)
    _terminate_user_alloc                    0x08000a79   Thumb Code     2  init_alloc.o(.text)
    _init_user_alloc                         0x08000a7b   Thumb Code     2  init_alloc.o(.text)
    __Heap_Full                              0x08000a7d   Thumb Code    34  init_alloc.o(.text)
    __Heap_Broken                            0x08000a9f   Thumb Code     6  init_alloc.o(.text)
    _init_alloc                              0x08000aa5   Thumb Code    94  init_alloc.o(.text)
    malloc                                   0x08000b03   Thumb Code    94  h1_alloc.o(.text)
    _fseek                                   0x08000b61   Thumb Code   242  fseek.o(.text)
    fseek                                    0x08000b61   Thumb Code     0  fseek.o(.text)
    _seterr                                  0x08000c59   Thumb Code    20  stdio.o(.text)
    _writebuf                                0x08000c6d   Thumb Code    84  stdio.o(.text)
    _fflush                                  0x08000cc1   Thumb Code    70  stdio.o(.text)
    _deferredlazyseek                        0x08000d07   Thumb Code    60  stdio.o(.text)
    __sig_exit                               0x08000d49   Thumb Code    10  defsig_exit.o(.text)
    __rt_SIGRTRED_inner                      0x08000d55   Thumb Code    14  defsig_rtred_inner.o(.text)
    _sys_exit                                0x08000d89   Thumb Code     8  sys_exit.o(.text)
    __Heap_Initialize                        0x08000d95   Thumb Code    10  h1_init.o(.text)
    __Heap_DescSize                          0x08000d9f   Thumb Code     4  h1_init.o(.text)
    __Heap_ProvideMemory                     0x08000da3   Thumb Code    52  h1_extend.o(.text)
    _ftell_internal                          0x08000dd7   Thumb Code    66  ftell.o(.text)
    ftell                                    0x08000dd7   Thumb Code     0  ftell.o(.text)
    __default_signal_display                 0x08000e19   Thumb Code    50  defsig_general.o(.text)
    __rt_SIGRTMEM                            0x08000e4b   Thumb Code    14  defsig_rtmem_outer.o(.text)
    _ttywrch                                 0x08000e59   Thumb Code    14  sys_wrch.o(.text)
    __aeabi_errno_addr                       0x08000e69   Thumb Code     8  rt_errno_addr_intlibspace.o(.text)
    __errno$intlibspace                      0x08000e69   Thumb Code     0  rt_errno_addr_intlibspace.o(.text)
    __rt_errno_addr$intlibspace              0x08000e69   Thumb Code     0  rt_errno_addr_intlibspace.o(.text)
    __rt_SIGRTMEM_inner                      0x08000e71   Thumb Code    22  defsig_rtmem_inner.o(.text)
    BusFault_Handler                         0x08000ec1   Thumb Code     2  stm32f1xx_it.o(i.BusFault_Handler)
    DMA1_Channel6_IRQHandler                 0x08000ec5   Thumb Code     6  stm32f1xx_it.o(i.DMA1_Channel6_IRQHandler)
    DMA1_Channel7_IRQHandler                 0x08000ed1   Thumb Code     6  stm32f1xx_it.o(i.DMA1_Channel7_IRQHandler)
    DebugMon_Handler                         0x08000f07   Thumb Code     2  stm32f1xx_it.o(i.DebugMon_Handler)
    Error_Handler                            0x08000f09   Thumb Code     4  main.o(i.Error_Handler)
    HAL_DMA_Abort                            0x08000f0d   Thumb Code    70  stm32f1xx_hal_dma.o(i.HAL_DMA_Abort)
    HAL_DMA_Abort_IT                         0x08000f55   Thumb Code   148  stm32f1xx_hal_dma.o(i.HAL_DMA_Abort_IT)
    HAL_DMA_IRQHandler                       0x08000fed   Thumb Code   316  stm32f1xx_hal_dma.o(i.HAL_DMA_IRQHandler)
    HAL_DMA_Init                             0x08001141   Thumb Code    84  stm32f1xx_hal_dma.o(i.HAL_DMA_Init)
    HAL_DMA_Start_IT                         0x0800119d   Thumb Code   112  stm32f1xx_hal_dma.o(i.HAL_DMA_Start_IT)
    HAL_Delay                                0x0800120d   Thumb Code    32  stm32f1xx_hal.o(i.HAL_Delay)
    HAL_GPIO_Init                            0x08001231   Thumb Code   446  stm32f1xx_hal_gpio.o(i.HAL_GPIO_Init)
    HAL_GetTick                              0x08001411   Thumb Code     6  stm32f1xx_hal.o(i.HAL_GetTick)
    HAL_IncTick                              0x0800141d   Thumb Code    12  stm32f1xx_hal.o(i.HAL_IncTick)
    HAL_Init                                 0x0800142d   Thumb Code    32  stm32f1xx_hal.o(i.HAL_Init)
    HAL_InitTick                             0x08001451   Thumb Code    54  stm32f1xx_hal.o(i.HAL_InitTick)
    HAL_MspInit                              0x08001491   Thumb Code    44  stm32f1xx_hal_msp.o(i.HAL_MspInit)
    HAL_NVIC_EnableIRQ                       0x080014c1   Thumb Code    26  stm32f1xx_hal_cortex.o(i.HAL_NVIC_EnableIRQ)
    HAL_NVIC_SetPriority                     0x080014dd   Thumb Code    60  stm32f1xx_hal_cortex.o(i.HAL_NVIC_SetPriority)
    HAL_NVIC_SetPriorityGrouping             0x0800151d   Thumb Code    26  stm32f1xx_hal_cortex.o(i.HAL_NVIC_SetPriorityGrouping)
    HAL_RCC_ClockConfig                      0x08001541   Thumb Code   280  stm32f1xx_hal_rcc.o(i.HAL_RCC_ClockConfig)
    HAL_RCC_GetPCLK1Freq                     0x0800166d   Thumb Code    20  stm32f1xx_hal_rcc.o(i.HAL_RCC_GetPCLK1Freq)
    HAL_RCC_GetPCLK2Freq                     0x0800168d   Thumb Code    20  stm32f1xx_hal_rcc.o(i.HAL_RCC_GetPCLK2Freq)
    HAL_RCC_GetSysClockFreq                  0x080016ad   Thumb Code    58  stm32f1xx_hal_rcc.o(i.HAL_RCC_GetSysClockFreq)
    HAL_RCC_OscConfig                        0x080016f9   Thumb Code   778  stm32f1xx_hal_rcc.o(i.HAL_RCC_OscConfig)
    HAL_SYSTICK_Config                       0x08001a19   Thumb Code    40  stm32f1xx_hal_cortex.o(i.HAL_SYSTICK_Config)
    HAL_TIMEx_BreakCallback                  0x08001a41   Thumb Code     2  stm32f1xx_hal_tim_ex.o(i.HAL_TIMEx_BreakCallback)
    HAL_TIMEx_CommutCallback                 0x08001a43   Thumb Code     2  stm32f1xx_hal_tim_ex.o(i.HAL_TIMEx_CommutCallback)
    HAL_TIMEx_MasterConfigSynchronization    0x08001a45   Thumb Code    92  stm32f1xx_hal_tim_ex.o(i.HAL_TIMEx_MasterConfigSynchronization)
    HAL_TIM_Base_Init                        0x08001aad   Thumb Code    90  stm32f1xx_hal_tim.o(i.HAL_TIM_Base_Init)
    HAL_TIM_Base_MspInit                     0x08001b09   Thumb Code    50  tim.o(i.HAL_TIM_Base_MspInit)
    HAL_TIM_Base_Start_IT                    0x08001b41   Thumb Code    76  stm32f1xx_hal_tim.o(i.HAL_TIM_Base_Start_IT)
    HAL_TIM_ConfigClockSource                0x08001b99   Thumb Code   220  stm32f1xx_hal_tim.o(i.HAL_TIM_ConfigClockSource)
    HAL_TIM_IC_CaptureCallback               0x08001c75   Thumb Code     2  stm32f1xx_hal_tim.o(i.HAL_TIM_IC_CaptureCallback)
    HAL_TIM_IRQHandler                       0x08001c77   Thumb Code   358  stm32f1xx_hal_tim.o(i.HAL_TIM_IRQHandler)
    HAL_TIM_OC_DelayElapsedCallback          0x08001ddd   Thumb Code     2  stm32f1xx_hal_tim.o(i.HAL_TIM_OC_DelayElapsedCallback)
    HAL_TIM_PWM_PulseFinishedCallback        0x08001ddf   Thumb Code     2  stm32f1xx_hal_tim.o(i.HAL_TIM_PWM_PulseFinishedCallback)
    HAL_TIM_PeriodElapsedCallback            0x08001de1   Thumb Code    34  main.o(i.HAL_TIM_PeriodElapsedCallback)
    HAL_TIM_TriggerCallback                  0x08001e21   Thumb Code     2  stm32f1xx_hal_tim.o(i.HAL_TIM_TriggerCallback)
    HAL_UARTEx_RxEventCallback               0x08001e23   Thumb Code     2  stm32f1xx_hal_uart.o(i.HAL_UARTEx_RxEventCallback)
    HAL_UART_ErrorCallback                   0x08001e25   Thumb Code     2  stm32f1xx_hal_uart.o(i.HAL_UART_ErrorCallback)
    HAL_UART_GetState                        0x08001e27   Thumb Code    10  stm32f1xx_hal_uart.o(i.HAL_UART_GetState)
    HAL_UART_IRQHandler                      0x08001e31   Thumb Code   616  stm32f1xx_hal_uart.o(i.HAL_UART_IRQHandler)
    HAL_UART_Init                            0x0800209d   Thumb Code   100  stm32f1xx_hal_uart.o(i.HAL_UART_Init)
    HAL_UART_MspInit                         0x08002101   Thumb Code   280  usart.o(i.HAL_UART_MspInit)
    HAL_UART_Receive_DMA                     0x08002231   Thumb Code    28  stm32f1xx_hal_uart.o(i.HAL_UART_Receive_DMA)
    HAL_UART_Receive_IT                      0x0800224d   Thumb Code    28  stm32f1xx_hal_uart.o(i.HAL_UART_Receive_IT)
    HAL_UART_RxCpltCallback                  0x08002269   Thumb Code   222  main.o(i.HAL_UART_RxCpltCallback)
    HAL_UART_RxHalfCpltCallback              0x08002389   Thumb Code     2  stm32f1xx_hal_uart.o(i.HAL_UART_RxHalfCpltCallback)
    HAL_UART_Transmit                        0x0800238b   Thumb Code   154  stm32f1xx_hal_uart.o(i.HAL_UART_Transmit)
    HAL_UART_Transmit_DMA                    0x08002425   Thumb Code   106  stm32f1xx_hal_uart.o(i.HAL_UART_Transmit_DMA)
    HAL_UART_TxCpltCallback                  0x0800249d   Thumb Code     2  stm32f1xx_hal_uart.o(i.HAL_UART_TxCpltCallback)
    HAL_UART_TxHalfCpltCallback              0x0800249f   Thumb Code     2  stm32f1xx_hal_uart.o(i.HAL_UART_TxHalfCpltCallback)
    HardFault_Handler                        0x080024a1   Thumb Code     2  stm32f1xx_it.o(i.HardFault_Handler)
    MX_DMA_Init                              0x080024a5   Thumb Code    56  dma.o(i.MX_DMA_Init)
    MX_GPIO_Init                             0x080024e1   Thumb Code    38  gpio.o(i.MX_GPIO_Init)
    MX_TIM2_Init                             0x0800250d   Thumb Code    98  tim.o(i.MX_TIM2_Init)
    MX_USART1_UART_Init                      0x08002575   Thumb Code    48  usart.o(i.MX_USART1_UART_Init)
    MX_USART2_UART_Init                      0x080025ad   Thumb Code    48  usart.o(i.MX_USART2_UART_Init)
    MemManage_Handler                        0x080025e5   Thumb Code     2  stm32f1xx_it.o(i.MemManage_Handler)
    NMI_Handler                              0x080025e7   Thumb Code     2  stm32f1xx_it.o(i.NMI_Handler)
    PendSV_Handler                           0x080025e9   Thumb Code     2  stm32f1xx_it.o(i.PendSV_Handler)
    SVC_Handler                              0x080025eb   Thumb Code     2  stm32f1xx_it.o(i.SVC_Handler)
    SysTick_Handler                          0x080025ed   Thumb Code     4  stm32f1xx_it.o(i.SysTick_Handler)
    SystemClock_Config                       0x080025f1   Thumb Code    94  main.o(i.SystemClock_Config)
    SystemInit                               0x0800264f   Thumb Code     2  system_stm32f1xx.o(i.SystemInit)
    TIM2_IRQHandler                          0x08002651   Thumb Code     6  stm32f1xx_it.o(i.TIM2_IRQHandler)
    TIM_Base_SetConfig                       0x0800265d   Thumb Code    94  stm32f1xx_hal_tim.o(i.TIM_Base_SetConfig)
    TIM_ETR_SetConfig                        0x080026c9   Thumb Code    20  stm32f1xx_hal_tim.o(i.TIM_ETR_SetConfig)
    UART_Start_Receive_DMA                   0x08002a61   Thumb Code   130  stm32f1xx_hal_uart.o(i.UART_Start_Receive_DMA)
    UART_Start_Receive_IT                    0x08002af1   Thumb Code    54  stm32f1xx_hal_uart.o(i.UART_Start_Receive_IT)
    USART1_IRQHandler                        0x08002ba1   Thumb Code     6  stm32f1xx_it.o(i.USART1_IRQHandler)
    USART2_IRQHandler                        0x08002bad   Thumb Code     6  stm32f1xx_it.o(i.USART2_IRQHandler)
    UsageFault_Handler                       0x08002bb9   Thumb Code     2  stm32f1xx_it.o(i.UsageFault_Handler)
    fputc                                    0x08002bdd   Thumb Code    20  main.o(i.fputc)
    main                                     0x08002bf5   Thumb Code   148  main.o(i.main)
    AHBPrescTable                            0x08002cda   Data          16  system_stm32f1xx.o(.constdata)
    APBPrescTable                            0x08002cea   Data           8  system_stm32f1xx.o(.constdata)
    __stdin_name                             0x08002d1a   Data           4  sys_io.o(.constdata)
    __stdout_name                            0x08002d1e   Data           4  sys_io.o(.constdata)
    __stderr_name                            0x08002d22   Data           4  sys_io.o(.constdata)
    Region$$Table$$Base                      0x08002d28   Number         0  anon$$obj.o(Region$$Table)
    Region$$Table$$Limit                     0x08002d48   Number         0  anon$$obj.o(Region$$Table)
    Uart1_Rx_Cnt                             0x20000000   Data           1  main.o(.data)
    aRxBuffer                                0x20000001   Data           1  main.o(.data)
    SystemTimer                              0x20000004   Data           4  main.o(.data)
    MQTT_RxDataInPtr                         0x20000008   Data           4  main.o(.data)
    MQTT_RxDataOutPtr                        0x2000000c   Data           4  main.o(.data)
    MQTT_RxDataEndPtr                        0x20000010   Data           4  main.o(.data)
    uwTickFreq                               0x20000014   Data           1  stm32f1xx_hal.o(.data)
    uwTickPrio                               0x20000018   Data           4  stm32f1xx_hal.o(.data)
    uwTick                                   0x2000001c   Data           4  stm32f1xx_hal.o(.data)
    SystemCoreClock                          0x20000020   Data           4  system_stm32f1xx.o(.data)
    __aeabi_stdin                            0x20000024   Data           4  stdio_streams.o(.data)
    __aeabi_stdout                           0x20000028   Data           4  stdio_streams.o(.data)
    __aeabi_stderr                           0x2000002c   Data           4  stdio_streams.o(.data)
    RxBuffer                                 0x20000030   Data         256  main.o(.bss)
    USART3_RX_BUF                            0x20000130   Data         256  main.o(.bss)
    MQTT_RxDataBuf                           0x20000230   Data         120  main.o(.bss)
    htim2                                    0x200002a8   Data          72  tim.o(.bss)
    huart1                                   0x200002f0   Data          72  usart.o(.bss)
    huart2                                   0x20000338   Data          72  usart.o(.bss)
    hdma_usart2_rx                           0x20000380   Data          68  usart.o(.bss)
    hdma_usart2_tx                           0x200003c4   Data          68  usart.o(.bss)
    __stdin                                  0x20000408   Data          84  stdio_streams.o(.bss)
    __stdout                                 0x2000045c   Data          84  stdio_streams.o(.bss)
    __stderr                                 0x200004b0   Data          84  stdio_streams.o(.bss)
    __libspace_start                         0x20000504   Data          96  libspace.o(.bss)
    __temporary_stack_top$libspace           0x20000564   Data           0  libspace.o(.bss)



==============================================================================

Memory Map of the image

  Image Entry point : 0x080000ed

  Load Region LR_IROM1 (Base: 0x08000000, Size: 0x00002d78, Max: 0x00010000, ABSOLUTE)

    Execution Region ER_IROM1 (Base: 0x08000000, Size: 0x00002d48, Max: 0x00010000, ABSOLUTE)

    Base Addr    Size         Type   Attr      Idx    E Section Name        Object

    0x08000000   0x000000ec   Data   RO            3    RESET               startup_stm32f103xb.o
    0x080000ec   0x00000008   Code   RO         2913  * !!!main             c_w.l(__main.o)
    0x080000f4   0x00000034   Code   RO         3233    !!!scatter          c_w.l(__scatter.o)
    0x08000128   0x0000001a   Code   RO         3235    !!handler_copy      c_w.l(__scatter_copy.o)
    0x08000142   0x00000002   PAD
    0x08000144   0x0000001c   Code   RO         3237    !!handler_zi        c_w.l(__scatter_zi.o)
    0x08000160   0x00000000   Code   RO         2902    .ARM.Collect$$_printf_percent$$00000000  c_w.l(_printf_percent.o)
    0x08000160   0x00000006   Code   RO         2901    .ARM.Collect$$_printf_percent$$00000009  c_w.l(_printf_d.o)
    0x08000166   0x00000006   Code   RO         2900    .ARM.Collect$$_printf_percent$$0000000C  c_w.l(_printf_x.o)
    0x0800016c   0x00000006   Code   RO         2899    .ARM.Collect$$_printf_percent$$00000013  c_w.l(_printf_c.o)
    0x08000172   0x00000004   Code   RO         2922    .ARM.Collect$$_printf_percent$$00000017  c_w.l(_printf_percent_end.o)
    0x08000176   0x00000002   Code   RO         3045    .ARM.Collect$$libinit$$00000000  c_w.l(libinit.o)
    0x08000178   0x00000000   Code   RO         3047    .ARM.Collect$$libinit$$00000002  c_w.l(libinit2.o)
    0x08000178   0x00000000   Code   RO         3049    .ARM.Collect$$libinit$$00000004  c_w.l(libinit2.o)
    0x08000178   0x00000008   Code   RO         3050    .ARM.Collect$$libinit$$00000005  c_w.l(libinit2.o)
    0x08000180   0x00000000   Code   RO         3052    .ARM.Collect$$libinit$$0000000A  c_w.l(libinit2.o)
    0x08000180   0x00000000   Code   RO         3054    .ARM.Collect$$libinit$$0000000C  c_w.l(libinit2.o)
    0x08000180   0x00000000   Code   RO         3056    .ARM.Collect$$libinit$$0000000E  c_w.l(libinit2.o)
    0x08000180   0x00000000   Code   RO         3059    .ARM.Collect$$libinit$$00000011  c_w.l(libinit2.o)
    0x08000180   0x00000000   Code   RO         3061    .ARM.Collect$$libinit$$00000013  c_w.l(libinit2.o)
    0x08000180   0x00000000   Code   RO         3063    .ARM.Collect$$libinit$$00000015  c_w.l(libinit2.o)
    0x08000180   0x00000000   Code   RO         3065    .ARM.Collect$$libinit$$00000017  c_w.l(libinit2.o)
    0x08000180   0x00000000   Code   RO         3067    .ARM.Collect$$libinit$$00000019  c_w.l(libinit2.o)
    0x08000180   0x00000000   Code   RO         3069    .ARM.Collect$$libinit$$0000001B  c_w.l(libinit2.o)
    0x08000180   0x00000000   Code   RO         3071    .ARM.Collect$$libinit$$0000001D  c_w.l(libinit2.o)
    0x08000180   0x00000000   Code   RO         3073    .ARM.Collect$$libinit$$0000001F  c_w.l(libinit2.o)
    0x08000180   0x00000000   Code   RO         3075    .ARM.Collect$$libinit$$00000021  c_w.l(libinit2.o)
    0x08000180   0x00000000   Code   RO         3077    .ARM.Collect$$libinit$$00000023  c_w.l(libinit2.o)
    0x08000180   0x00000004   Code   RO         3078    .ARM.Collect$$libinit$$00000024  c_w.l(libinit2.o)
    0x08000184   0x00000000   Code   RO         3079    .ARM.Collect$$libinit$$00000025  c_w.l(libinit2.o)
    0x08000184   0x00000000   Code   RO         3083    .ARM.Collect$$libinit$$0000002C  c_w.l(libinit2.o)
    0x08000184   0x00000000   Code   RO         3085    .ARM.Collect$$libinit$$0000002E  c_w.l(libinit2.o)
    0x08000184   0x00000000   Code   RO         3087    .ARM.Collect$$libinit$$00000030  c_w.l(libinit2.o)
    0x08000184   0x00000000   Code   RO         3089    .ARM.Collect$$libinit$$00000032  c_w.l(libinit2.o)
    0x08000184   0x00000002   Code   RO         3090    .ARM.Collect$$libinit$$00000033  c_w.l(libinit2.o)
    0x08000186   0x00000002   Code   RO         3212    .ARM.Collect$$libshutdown$$00000000  c_w.l(libshutdown.o)
    0x08000188   0x00000004   Code   RO         3092    .ARM.Collect$$libshutdown$$00000002  c_w.l(libshutdown2.o)
    0x0800018c   0x00000000   Code   RO         3093    .ARM.Collect$$libshutdown$$00000003  c_w.l(libshutdown2.o)
    0x0800018c   0x00000000   Code   RO         3096    .ARM.Collect$$libshutdown$$00000006  c_w.l(libshutdown2.o)
    0x0800018c   0x00000000   Code   RO         3099    .ARM.Collect$$libshutdown$$00000009  c_w.l(libshutdown2.o)
    0x0800018c   0x00000000   Code   RO         3101    .ARM.Collect$$libshutdown$$0000000B  c_w.l(libshutdown2.o)
    0x0800018c   0x00000000   Code   RO         3104    .ARM.Collect$$libshutdown$$0000000E  c_w.l(libshutdown2.o)
    0x0800018c   0x00000002   Code   RO         3105    .ARM.Collect$$libshutdown$$0000000F  c_w.l(libshutdown2.o)
    0x0800018e   0x00000000   Code   RO         2915    .ARM.Collect$$rtentry$$00000000  c_w.l(__rtentry.o)
    0x0800018e   0x00000000   Code   RO         2932    .ARM.Collect$$rtentry$$00000002  c_w.l(__rtentry2.o)
    0x0800018e   0x00000006   Code   RO         2944    .ARM.Collect$$rtentry$$00000004  c_w.l(__rtentry4.o)
    0x08000194   0x00000000   Code   RO         2934    .ARM.Collect$$rtentry$$00000009  c_w.l(__rtentry2.o)
    0x08000194   0x00000004   Code   RO         2935    .ARM.Collect$$rtentry$$0000000A  c_w.l(__rtentry2.o)
    0x08000198   0x00000000   Code   RO         2937    .ARM.Collect$$rtentry$$0000000C  c_w.l(__rtentry2.o)
    0x08000198   0x00000008   Code   RO         2938    .ARM.Collect$$rtentry$$0000000D  c_w.l(__rtentry2.o)
    0x080001a0   0x00000002   Code   RO         3112    .ARM.Collect$$rtexit$$00000000  c_w.l(rtexit.o)
    0x080001a2   0x00000000   Code   RO         3158    .ARM.Collect$$rtexit$$00000002  c_w.l(rtexit2.o)
    0x080001a2   0x00000004   Code   RO         3159    .ARM.Collect$$rtexit$$00000003  c_w.l(rtexit2.o)
    0x080001a6   0x00000006   Code   RO         3160    .ARM.Collect$$rtexit$$00000004  c_w.l(rtexit2.o)
    0x080001ac   0x00000000   Code   RO         3164    .emb_text           c_w.l(maybetermalloc1.o)
    0x080001ac   0x00000040   Code   RO            4    .text               startup_stm32f103xb.o
    0x080001ec   0x00000018   Code   RO         2850    .text               c_w.l(noretval__2printf.o)
    0x08000204   0x00000068   Code   RO         2852    .text               c_w.l(__printf.o)
    0x0800026c   0x00000052   Code   RO         2854    .text               c_w.l(_printf_str.o)
    0x080002be   0x00000002   PAD
    0x080002c0   0x00000078   Code   RO         2856    .text               c_w.l(_printf_dec.o)
    0x08000338   0x00000058   Code   RO         2861    .text               c_w.l(_printf_hex_int.o)
    0x08000390   0x0000003e   Code   RO         2903    .text               c_w.l(strlen.o)
    0x080003ce   0x0000008a   Code   RO         2905    .text               c_w.l(rt_memcpy_v6.o)
    0x08000458   0x00000044   Code   RO         2907    .text               c_w.l(rt_memclr.o)
    0x0800049c   0x0000004e   Code   RO         2909    .text               c_w.l(rt_memclr_w.o)
    0x080004ea   0x00000006   Code   RO         2911    .text               c_w.l(heapauxi.o)
    0x080004f0   0x000000b2   Code   RO         2916    .text               c_w.l(_printf_intcommon.o)
    0x080005a2   0x0000002c   Code   RO         2918    .text               c_w.l(_printf_char.o)
    0x080005ce   0x00000002   PAD
    0x080005d0   0x00000024   Code   RO         2920    .text               c_w.l(_printf_char_file.o)
    0x080005f4   0x00000064   Code   RO         2929    .text               c_w.l(rt_memcpy_w.o)
    0x08000658   0x00000030   Code   RO         2946    .text               c_w.l(_printf_char_common.o)
    0x08000688   0x00000008   Code   RO         2948    .text               c_w.l(ferror.o)
    0x08000690   0x00000138   Code   RO         2950    .text               c_w.l(initio.o)
    0x080007c8   0x00000066   Code   RO         2956    .text               c_w.l(sys_io.o)
    0x0800082e   0x0000004a   Code   RO         2963    .text               c_w.l(sys_stackheap_outer.o)
    0x08000878   0x0000004e   Code   RO         2967    .text               c_w.l(h1_free.o)
    0x080008c6   0x00000046   Code   RO         3023    .text               c_w.l(setvbuf.o)
    0x0800090c   0x000000ec   Code   RO         3026    .text               c_w.l(fopen.o)
    0x080009f8   0x0000004c   Code   RO         3028    .text               c_w.l(fclose.o)
    0x08000a44   0x0000000c   Code   RO         3034    .text               c_w.l(exit.o)
    0x08000a50   0x0000000e   Code   RO         3036    .text               c_w.l(defsig_rtred_outer.o)
    0x08000a5e   0x00000002   PAD
    0x08000a60   0x00000008   Code   RO         3106    .text               c_w.l(libspace.o)
    0x08000a68   0x00000002   Code   RO         3109    .text               c_w.l(use_no_semi.o)
    0x08000a6a   0x00000000   Code   RO         3111    .text               c_w.l(indicate_semi.o)
    0x08000a6a   0x00000002   PAD
    0x08000a6c   0x00000008   Code   RO         3119    .text               c_w.l(rt_heap_descriptor_intlibspace.o)
    0x08000a74   0x00000004   Code   RO         3121    .text               c_w.l(hguard.o)
    0x08000a78   0x0000008a   Code   RO         3123    .text               c_w.l(init_alloc.o)
    0x08000b02   0x0000005e   Code   RO         3129    .text               c_w.l(h1_alloc.o)
    0x08000b60   0x000000f8   Code   RO         3143    .text               c_w.l(fseek.o)
    0x08000c58   0x000000f0   Code   RO         3145    .text               c_w.l(stdio.o)
    0x08000d48   0x0000000a   Code   RO         3147    .text               c_w.l(defsig_exit.o)
    0x08000d52   0x00000002   PAD
    0x08000d54   0x00000034   Code   RO         3149    .text               c_w.l(defsig_rtred_inner.o)
    0x08000d88   0x0000000c   Code   RO         3155    .text               c_w.l(sys_exit.o)
    0x08000d94   0x0000000e   Code   RO         3166    .text               c_w.l(h1_init.o)
    0x08000da2   0x00000034   Code   RO         3168    .text               c_w.l(h1_extend.o)
    0x08000dd6   0x00000042   Code   RO         3174    .text               c_w.l(ftell.o)
    0x08000e18   0x00000032   Code   RO         3178    .text               c_w.l(defsig_general.o)
    0x08000e4a   0x0000000e   Code   RO         3180    .text               c_w.l(defsig_rtmem_outer.o)
    0x08000e58   0x0000000e   Code   RO         3193    .text               c_w.l(sys_wrch.o)
    0x08000e66   0x00000002   PAD
    0x08000e68   0x00000008   Code   RO         3200    .text               c_w.l(rt_errno_addr_intlibspace.o)
    0x08000e70   0x00000050   Code   RO         3206    .text               c_w.l(defsig_rtmem_inner.o)
    0x08000ec0   0x00000002   Code   RO          330    i.BusFault_Handler  stm32f1xx_it.o
    0x08000ec2   0x00000002   PAD
    0x08000ec4   0x0000000c   Code   RO          331    i.DMA1_Channel6_IRQHandler  stm32f1xx_it.o
    0x08000ed0   0x0000000c   Code   RO          332    i.DMA1_Channel7_IRQHandler  stm32f1xx_it.o
    0x08000edc   0x0000002a   Code   RO         1849    i.DMA_SetConfig     stm32f1xx_hal_dma.o
    0x08000f06   0x00000002   Code   RO          333    i.DebugMon_Handler  stm32f1xx_it.o
    0x08000f08   0x00000004   Code   RO           13    i.Error_Handler     main.o
    0x08000f0c   0x00000046   Code   RO         1850    i.HAL_DMA_Abort     stm32f1xx_hal_dma.o
    0x08000f52   0x00000002   PAD
    0x08000f54   0x00000098   Code   RO         1851    i.HAL_DMA_Abort_IT  stm32f1xx_hal_dma.o
    0x08000fec   0x00000154   Code   RO         1855    i.HAL_DMA_IRQHandler  stm32f1xx_hal_dma.o
    0x08001140   0x0000005c   Code   RO         1856    i.HAL_DMA_Init      stm32f1xx_hal_dma.o
    0x0800119c   0x00000070   Code   RO         1860    i.HAL_DMA_Start_IT  stm32f1xx_hal_dma.o
    0x0800120c   0x00000024   Code   RO         1476    i.HAL_Delay         stm32f1xx_hal.o
    0x08001230   0x000001e0   Code   RO         1786    i.HAL_GPIO_Init     stm32f1xx_hal_gpio.o
    0x08001410   0x0000000c   Code   RO         1480    i.HAL_GetTick       stm32f1xx_hal.o
    0x0800141c   0x00000010   Code   RO         1486    i.HAL_IncTick       stm32f1xx_hal.o
    0x0800142c   0x00000024   Code   RO         1487    i.HAL_Init          stm32f1xx_hal.o
    0x08001450   0x00000040   Code   RO         1488    i.HAL_InitTick      stm32f1xx_hal.o
    0x08001490   0x00000030   Code   RO          436    i.HAL_MspInit       stm32f1xx_hal_msp.o
    0x080014c0   0x0000001a   Code   RO         1946    i.HAL_NVIC_EnableIRQ  stm32f1xx_hal_cortex.o
    0x080014da   0x00000002   PAD
    0x080014dc   0x00000040   Code   RO         1952    i.HAL_NVIC_SetPriority  stm32f1xx_hal_cortex.o
    0x0800151c   0x00000024   Code   RO         1953    i.HAL_NVIC_SetPriorityGrouping  stm32f1xx_hal_cortex.o
    0x08001540   0x0000012c   Code   RO         1644    i.HAL_RCC_ClockConfig  stm32f1xx_hal_rcc.o
    0x0800166c   0x00000020   Code   RO         1651    i.HAL_RCC_GetPCLK1Freq  stm32f1xx_hal_rcc.o
    0x0800168c   0x00000020   Code   RO         1652    i.HAL_RCC_GetPCLK2Freq  stm32f1xx_hal_rcc.o
    0x080016ac   0x0000004c   Code   RO         1653    i.HAL_RCC_GetSysClockFreq  stm32f1xx_hal_rcc.o
    0x080016f8   0x00000320   Code   RO         1656    i.HAL_RCC_OscConfig  stm32f1xx_hal_rcc.o
    0x08001a18   0x00000028   Code   RO         1957    i.HAL_SYSTICK_Config  stm32f1xx_hal_cortex.o
    0x08001a40   0x00000002   Code   RO         1202    i.HAL_TIMEx_BreakCallback  stm32f1xx_hal_tim_ex.o
    0x08001a42   0x00000002   Code   RO         1203    i.HAL_TIMEx_CommutCallback  stm32f1xx_hal_tim_ex.o
    0x08001a44   0x00000068   Code   RO         1221    i.HAL_TIMEx_MasterConfigSynchronization  stm32f1xx_hal_tim_ex.o
    0x08001aac   0x0000005a   Code   RO          498    i.HAL_TIM_Base_Init  stm32f1xx_hal_tim.o
    0x08001b06   0x00000002   PAD
    0x08001b08   0x00000038   Code   RO          240    i.HAL_TIM_Base_MspInit  tim.o
    0x08001b40   0x00000058   Code   RO          503    i.HAL_TIM_Base_Start_IT  stm32f1xx_hal_tim.o
    0x08001b98   0x000000dc   Code   RO          507    i.HAL_TIM_ConfigClockSource  stm32f1xx_hal_tim.o
    0x08001c74   0x00000002   Code   RO          532    i.HAL_TIM_IC_CaptureCallback  stm32f1xx_hal_tim.o
    0x08001c76   0x00000166   Code   RO          546    i.HAL_TIM_IRQHandler  stm32f1xx_hal_tim.o
    0x08001ddc   0x00000002   Code   RO          549    i.HAL_TIM_OC_DelayElapsedCallback  stm32f1xx_hal_tim.o
    0x08001dde   0x00000002   Code   RO          576    i.HAL_TIM_PWM_PulseFinishedCallback  stm32f1xx_hal_tim.o
    0x08001de0   0x00000040   Code   RO           14    i.HAL_TIM_PeriodElapsedCallback  main.o
    0x08001e20   0x00000002   Code   RO          589    i.HAL_TIM_TriggerCallback  stm32f1xx_hal_tim.o
    0x08001e22   0x00000002   Code   RO         2458    i.HAL_UARTEx_RxEventCallback  stm32f1xx_hal_uart.o
    0x08001e24   0x00000002   Code   RO         2472    i.HAL_UART_ErrorCallback  stm32f1xx_hal_uart.o
    0x08001e26   0x0000000a   Code   RO         2474    i.HAL_UART_GetState  stm32f1xx_hal_uart.o
    0x08001e30   0x0000026c   Code   RO         2475    i.HAL_UART_IRQHandler  stm32f1xx_hal_uart.o
    0x0800209c   0x00000064   Code   RO         2476    i.HAL_UART_Init     stm32f1xx_hal_uart.o
    0x08002100   0x00000130   Code   RO          282    i.HAL_UART_MspInit  usart.o
    0x08002230   0x0000001c   Code   RO         2480    i.HAL_UART_Receive_DMA  stm32f1xx_hal_uart.o
    0x0800224c   0x0000001c   Code   RO         2481    i.HAL_UART_Receive_IT  stm32f1xx_hal_uart.o
    0x08002268   0x00000120   Code   RO           15    i.HAL_UART_RxCpltCallback  main.o
    0x08002388   0x00000002   Code   RO         2483    i.HAL_UART_RxHalfCpltCallback  stm32f1xx_hal_uart.o
    0x0800238a   0x0000009a   Code   RO         2484    i.HAL_UART_Transmit  stm32f1xx_hal_uart.o
    0x08002424   0x00000078   Code   RO         2485    i.HAL_UART_Transmit_DMA  stm32f1xx_hal_uart.o
    0x0800249c   0x00000002   Code   RO         2487    i.HAL_UART_TxCpltCallback  stm32f1xx_hal_uart.o
    0x0800249e   0x00000002   Code   RO         2488    i.HAL_UART_TxHalfCpltCallback  stm32f1xx_hal_uart.o
    0x080024a0   0x00000002   Code   RO          334    i.HardFault_Handler  stm32f1xx_it.o
    0x080024a2   0x00000002   PAD
    0x080024a4   0x0000003c   Code   RO          215    i.MX_DMA_Init       dma.o
    0x080024e0   0x0000002c   Code   RO          191    i.MX_GPIO_Init      gpio.o
    0x0800250c   0x00000068   Code   RO          241    i.MX_TIM2_Init      tim.o
    0x08002574   0x00000038   Code   RO          283    i.MX_USART1_UART_Init  usart.o
    0x080025ac   0x00000038   Code   RO          284    i.MX_USART2_UART_Init  usart.o
    0x080025e4   0x00000002   Code   RO          335    i.MemManage_Handler  stm32f1xx_it.o
    0x080025e6   0x00000002   Code   RO          336    i.NMI_Handler       stm32f1xx_it.o
    0x080025e8   0x00000002   Code   RO          337    i.PendSV_Handler    stm32f1xx_it.o
    0x080025ea   0x00000002   Code   RO          338    i.SVC_Handler       stm32f1xx_it.o
    0x080025ec   0x00000004   Code   RO          339    i.SysTick_Handler   stm32f1xx_it.o
    0x080025f0   0x0000005e   Code   RO           16    i.SystemClock_Config  main.o
    0x0800264e   0x00000002   Code   RO         2810    i.SystemInit        system_stm32f1xx.o
    0x08002650   0x0000000c   Code   RO          340    i.TIM2_IRQHandler   stm32f1xx_it.o
    0x0800265c   0x0000006c   Code   RO          591    i.TIM_Base_SetConfig  stm32f1xx_hal_tim.o
    0x080026c8   0x00000014   Code   RO          602    i.TIM_ETR_SetConfig  stm32f1xx_hal_tim.o
    0x080026dc   0x00000010   Code   RO          603    i.TIM_ITRx_SetConfig  stm32f1xx_hal_tim.o
    0x080026ec   0x00000022   Code   RO          609    i.TIM_TI1_ConfigInputStage  stm32f1xx_hal_tim.o
    0x0800270e   0x00000024   Code   RO          611    i.TIM_TI2_ConfigInputStage  stm32f1xx_hal_tim.o
    0x08002732   0x00000010   Code   RO         2489    i.UART_DMAAbortOnError  stm32f1xx_hal_uart.o
    0x08002742   0x0000004a   Code   RO         2490    i.UART_DMAError     stm32f1xx_hal_uart.o
    0x0800278c   0x00000086   Code   RO         2491    i.UART_DMAReceiveCplt  stm32f1xx_hal_uart.o
    0x08002812   0x0000001e   Code   RO         2493    i.UART_DMARxHalfCplt  stm32f1xx_hal_uart.o
    0x08002830   0x00000042   Code   RO         2495    i.UART_DMATransmitCplt  stm32f1xx_hal_uart.o
    0x08002872   0x0000000a   Code   RO         2497    i.UART_DMATxHalfCplt  stm32f1xx_hal_uart.o
    0x0800287c   0x0000004e   Code   RO         2499    i.UART_EndRxTransfer  stm32f1xx_hal_uart.o
    0x080028ca   0x0000001c   Code   RO         2500    i.UART_EndTxTransfer  stm32f1xx_hal_uart.o
    0x080028e6   0x000000c2   Code   RO         2501    i.UART_Receive_IT   stm32f1xx_hal_uart.o
    0x080029a8   0x000000b8   Code   RO         2502    i.UART_SetConfig    stm32f1xx_hal_uart.o
    0x08002a60   0x00000090   Code   RO         2503    i.UART_Start_Receive_DMA  stm32f1xx_hal_uart.o
    0x08002af0   0x00000036   Code   RO         2504    i.UART_Start_Receive_IT  stm32f1xx_hal_uart.o
    0x08002b26   0x00000078   Code   RO         2505    i.UART_WaitOnFlagUntilTimeout  stm32f1xx_hal_uart.o
    0x08002b9e   0x00000002   PAD
    0x08002ba0   0x0000000c   Code   RO          341    i.USART1_IRQHandler  stm32f1xx_it.o
    0x08002bac   0x0000000c   Code   RO          342    i.USART2_IRQHandler  stm32f1xx_it.o
    0x08002bb8   0x00000002   Code   RO          343    i.UsageFault_Handler  stm32f1xx_it.o
    0x08002bba   0x00000020   Code   RO         1959    i.__NVIC_SetPriority  stm32f1xx_hal_cortex.o
    0x08002bda   0x00000002   PAD
    0x08002bdc   0x00000018   Code   RO           18    i.fputc             main.o
    0x08002bf4   0x000000d4   Code   RO           19    i.main              main.o
    0x08002cc8   0x00000012   Data   RO         1657    .constdata          stm32f1xx_hal_rcc.o
    0x08002cda   0x00000010   Data   RO         2811    .constdata          system_stm32f1xx.o
    0x08002cea   0x00000008   Data   RO         2812    .constdata          system_stm32f1xx.o
    0x08002cf2   0x00000028   Data   RO         2862    .constdata          c_w.l(_printf_hex_int.o)
    0x08002d1a   0x00000004   Data   RO         2957    .constdata          c_w.l(sys_io.o)
    0x08002d1e   0x00000004   Data   RO         2958    .constdata          c_w.l(sys_io.o)
    0x08002d22   0x00000004   Data   RO         2959    .constdata          c_w.l(sys_io.o)
    0x08002d26   0x00000002   PAD
    0x08002d28   0x00000020   Data   RO         3231    Region$$Table       anon$$obj.o


    Execution Region RW_IRAM1 (Base: 0x20000000, Size: 0x00000b68, Max: 0x00005000, ABSOLUTE)

    Base Addr    Size         Type   Attr      Idx    E Section Name        Object

    0x20000000   0x00000014   Data   RW           21    .data               main.o
    0x20000014   0x0000000c   Data   RW         1494    .data               stm32f1xx_hal.o
    0x20000020   0x00000004   Data   RW         2813    .data               system_stm32f1xx.o
    0x20000024   0x00000004   Data   RW         2926    .data               c_w.l(stdio_streams.o)
    0x20000028   0x00000004   Data   RW         2927    .data               c_w.l(stdio_streams.o)
    0x2000002c   0x00000004   Data   RW         2928    .data               c_w.l(stdio_streams.o)
    0x20000030   0x00000278   Zero   RW           20    .bss                main.o
    0x200002a8   0x00000048   Zero   RW          242    .bss                tim.o
    0x200002f0   0x00000118   Zero   RW          285    .bss                usart.o
    0x20000408   0x00000054   Zero   RW         2923    .bss                c_w.l(stdio_streams.o)
    0x2000045c   0x00000054   Zero   RW         2924    .bss                c_w.l(stdio_streams.o)
    0x200004b0   0x00000054   Zero   RW         2925    .bss                c_w.l(stdio_streams.o)
    0x20000504   0x00000060   Zero   RW         3107    .bss                c_w.l(libspace.o)
    0x20000564   0x00000004   PAD
    0x20000568   0x00000200   Zero   RW            2    HEAP                startup_stm32f103xb.o
    0x20000768   0x00000400   Zero   RW            1    STACK               startup_stm32f103xb.o


==============================================================================

Image component sizes


      Code (inc. data)   RO Data    RW Data    ZI Data      Debug   Object Name

        60          4          0          0          0        698   dma.o
        44          6          0          0          0        715   gpio.o
       686        164          0         20        632     431538   main.o
        64         26        236          0       1536        776   startup_stm32f103xb.o
       164         28          0         12          0       5561   stm32f1xx_hal.o
       198         14          0          0          0      28375   stm32f1xx_hal_cortex.o
       808         36          0          0          0       4282   stm32f1xx_hal_dma.o
       480         34          0          0          0       1928   stm32f1xx_hal_gpio.o
        48          4          0          0          0        778   stm32f1xx_hal_msp.o
      1240         84         18          0          0       4652   stm32f1xx_hal_rcc.o
       978         26          0          0          0       8749   stm32f1xx_hal_tim.o
       108         12          0          0          0       2209   stm32f1xx_hal_tim_ex.o
      2202         38          0          0          0      16100   stm32f1xx_hal_uart.o
        80         30          0          0          0       5594   stm32f1xx_it.o
         2          0         24          4          0       1011   system_stm32f1xx.o
       160         12          0          0         72       1502   tim.o
       416         40          0          0        280       2405   usart.o

    ----------------------------------------------------------------------
      7752        558        310         36       2520     516873   Object Totals
         0          0         32          0          0          0   (incl. Generated)
        14          0          0          0          0          0   (incl. Padding)

    ----------------------------------------------------------------------

      Code (inc. data)   RO Data    RW Data    ZI Data      Debug   Library Member Name

         8          0          0          0          0         68   __main.o
       104          0          0          0          0         84   __printf.o
         0          0          0          0          0          0   __rtentry.o
        12          0          0          0          0          0   __rtentry2.o
         6          0          0          0          0          0   __rtentry4.o
        52          8          0          0          0          0   __scatter.o
        26          0          0          0          0          0   __scatter_copy.o
        28          0          0          0          0          0   __scatter_zi.o
         6          0          0          0          0          0   _printf_c.o
        44          0          0          0          0        108   _printf_char.o
        48          6          0          0          0         96   _printf_char_common.o
        36          4          0          0          0         80   _printf_char_file.o
         6          0          0          0          0          0   _printf_d.o
       120         16          0          0          0         92   _printf_dec.o
        88          4         40          0          0         88   _printf_hex_int.o
       178          0          0          0          0         88   _printf_intcommon.o
         0          0          0          0          0          0   _printf_percent.o
         4          0          0          0          0          0   _printf_percent_end.o
        82          0          0          0          0         80   _printf_str.o
         6          0          0          0          0          0   _printf_x.o
        10          0          0          0          0         68   defsig_exit.o
        50          0          0          0          0         88   defsig_general.o
        80         58          0          0          0         76   defsig_rtmem_inner.o
        14          0          0          0          0         80   defsig_rtmem_outer.o
        52         38          0          0          0         76   defsig_rtred_inner.o
        14          0          0          0          0         80   defsig_rtred_outer.o
        12          0          0          0          0         72   exit.o
        76          0          0          0          0         88   fclose.o
         8          0          0          0          0         68   ferror.o
       236          4          0          0          0        128   fopen.o
       248          6          0          0          0         84   fseek.o
        66          0          0          0          0         76   ftell.o
        94          0          0          0          0         80   h1_alloc.o
        52          0          0          0          0         68   h1_extend.o
        78          0          0          0          0         80   h1_free.o
        14          0          0          0          0         84   h1_init.o
         6          0          0          0          0        152   heapauxi.o
         4          0          0          0          0        136   hguard.o
         0          0          0          0          0          0   indicate_semi.o
       138          0          0          0          0        168   init_alloc.o
       312         46          0          0          0        112   initio.o
         2          0          0          0          0          0   libinit.o
        14          0          0          0          0          0   libinit2.o
         2          0          0          0          0          0   libshutdown.o
         6          0          0          0          0          0   libshutdown2.o
         8          4          0          0         96         68   libspace.o
         0          0          0          0          0          0   maybetermalloc1.o
        24          4          0          0          0         84   noretval__2printf.o
         8          4          0          0          0         68   rt_errno_addr_intlibspace.o
         8          4          0          0          0         68   rt_heap_descriptor_intlibspace.o
        68          0          0          0          0         68   rt_memclr.o
        78          0          0          0          0         80   rt_memclr_w.o
       138          0          0          0          0         68   rt_memcpy_v6.o
       100          0          0          0          0         80   rt_memcpy_w.o
         2          0          0          0          0          0   rtexit.o
        10          0          0          0          0          0   rtexit2.o
        70          0          0          0          0         80   setvbuf.o
       240          6          0          0          0        156   stdio.o
         0          0          0         12        252          0   stdio_streams.o
        62          0          0          0          0         76   strlen.o
        12          4          0          0          0         68   sys_exit.o
       102          0         12          0          0        240   sys_io.o
        74          0          0          0          0         80   sys_stackheap_outer.o
        14          0          0          0          0         76   sys_wrch.o
         2          0          0          0          0         68   use_no_semi.o

    ----------------------------------------------------------------------
      3476        216         54         12        352       4076   Library Totals
        14          0          2          0          4          0   (incl. Padding)

    ----------------------------------------------------------------------

      Code (inc. data)   RO Data    RW Data    ZI Data      Debug   Library Name

      3462        216         52         12        348       4076   c_w.l

    ----------------------------------------------------------------------
      3476        216         54         12        352       4076   Library Totals

    ----------------------------------------------------------------------

==============================================================================


      Code (inc. data)   RO Data    RW Data    ZI Data      Debug   

     11228        774        364         48       2872     514237   Grand Totals
     11228        774        364         48       2872     514237   ELF Image Totals
     11228        774        364         48          0          0   ROM Totals

==============================================================================

    Total RO  Size (Code + RO Data)                11592 (  11.32kB)
    Total RW  Size (RW Data + ZI Data)              2920 (   2.85kB)
    Total ROM Size (Code + RO Data + RW Data)      11640 (  11.37kB)

==============================================================================

